Archive member included to satisfy reference by file (symbol)

include_lib/liba/br34/cpu_2M_flash.a(crc16.c.o)
                              obj/Release/cpu/br34/setup.o (symbol from plugin) (__crc16_mutex_init)
include_lib/liba/br34/cpu_2M_flash.a(uart.c.o)
                              obj/Release/apps/common/audio/wm8978/iic.o (symbol from plugin) (delay)
include_lib/liba/br34/cpu_2M_flash.a(clock.c.o)
                              obj/Release/cpu/br34/adc_api.o (symbol from plugin) (update_voltage_by_freq)
include_lib/liba/br34/cpu_2M_flash.a(gpio.c.o)
                              obj/Release/apps/common/usb/usb_config.o (symbol from plugin) (usb_iomode)
include_lib/liba/br34/cpu_2M_flash.a(wdt.c.o)
                              obj/Release/apps/common/update/update.o (symbol from plugin) (wdt_clear)
include_lib/liba/br34/cpu_2M_flash.a(efuse.c.o)
                              obj/Release/cpu/br34/charge.o (symbol from plugin) (get_vbat_trim)
include_lib/liba/br34/cpu_2M_flash.a(debug.c.o)
                              obj/Release/apps/common/update/testbox_update.o (symbol from plugin) (ram_protect_close)
include_lib/liba/br34/cpu_2M_flash.a(usb.c.o)
                              obj/Release/apps/common/usb/device/usb_device.o (symbol from plugin) (usb_sof_clr_pnd)
include_lib/liba/br34/cpu_2M_flash.a(p33.c.o)
                              obj/Release/cpu/br34/adc_api.o (symbol from plugin) (adc_pmu_ch_select)
include_lib/liba/br34/cpu_2M_flash.a(power_hw.c.o)
                              clock.c.o (symbol from plugin) (VDC13_VOL_SEL)
include_lib/liba/br34/cpu_2M_flash.a(power_wakeup.c.o)
                              power_hw.c.o (symbol from plugin) (p33_wakeup_irq_handler)
include_lib/liba/br34/cpu_2M_flash.a(pmu_calibrate.c.o)
                              obj/Release/cpu/br34/adc_api.o (symbol from plugin) (get_wvdd_trim_level)
include_lib/liba/br34/cpu_2M_flash.a(chargestore.c.o)
                              obj/Release/apps/earphone/power_manage/app_chargestore.o (symbol from plugin) (chargestore_api_write)
include_lib/liba/br34/cpu_2M_flash.a(otg.c.o)
                              obj/Release/apps/common/usb/usb_config.o (symbol from plugin) (usb_otg_suspend)
include_lib/liba/br34/cpu_2M_flash.a(usb_phy.c.o)
                              obj/Release/apps/common/usb/usb_config.o (symbol from plugin) (usb_read_sofframe)
include_lib/liba/br34/cpu_2M_flash.a(usb_setup.c.o)
                              obj/Release/apps/common/usb/usb_config.o (symbol from plugin) (usb_device2id)
include_lib/liba/br34/cpu_2M_flash.a(descriptor.c.o)
                              usb_setup.c.o (symbol from plugin) (get_device_descriptor)
include_lib/liba/br34/cpu_2M_flash.a(startup.S.o)
                              (_start)
include_lib/liba/br34/cpu_2M_flash.a(version.z.o)
                              clock.c.o (symbol from plugin) (lib_driver_version)
include_lib/liba/br34/cpu_2M_flash.a(timer.c.o)
                              power_hw.c.o (symbol from plugin) (timer1_sleep_init)
include_lib/liba/br34/cpu_2M_flash.a(vm.c.o)
                              include_lib/liba/br34/cpu_2M_flash.a(startup.S.o) (spi_for_maskrom_init)
include_lib/liba/br34/cpu_2M_flash.a(lp_timer_hw.c.o)
                              power_hw.c.o (symbol from plugin) (__lp_timer_dump)
include_lib/liba/br34/cpu_2M_flash.a(lrc_hw.c.o)
                              power_hw.c.o (symbol from plugin) (__get_lrc_hz)
include_lib/liba/br34/cpu_2M_flash.a(encryption.c.o)
                              vm.c.o (symbol from plugin) (doe)
include_lib/liba/br34/system_2M_flash.a(app_core.c.o)
                              obj/Release/apps/earphone/app_main.o (symbol from plugin) (start_app)
include_lib/liba/br34/system_2M_flash.a(ASCII_lib.c.o)
                              obj/Release/cpu/br34/tone_player.o (symbol from plugin) (ASCII_StrCmpNoCase)
include_lib/liba/br34/system_2M_flash.a(circular_buf.c.o)
                              obj/Release/apps/earphone/aec/br34/audio_aec.o (symbol from plugin) (cbuf_read)
include_lib/liba/br34/system_2M_flash.a(syscfg_api.c.o)
                              obj/Release/apps/earphone/aec/br34/audio_aec.o (symbol from plugin) (syscfg_read)
include_lib/liba/br34/system_2M_flash.a(config_interface.c.o)
                              obj/Release/apps/common/config/app_config.o (symbol from plugin) (config_layer_init)
include_lib/liba/br34/system_2M_flash.a(sbrk.c.o)
                              obj/Release/cpu/br34/setup.o (symbol from plugin) (memory_init)
include_lib/liba/br34/system_2M_flash.a(bank_switch.c.o)
                              obj/Release/cpu/br34/setup.o (symbol from plugin) (load_common_code)
include_lib/liba/br34/system_2M_flash.a(common.c.o)
                              obj/Release/cpu/br34/tone_player.o (symbol from plugin) (jiffies_msec)
include_lib/liba/br34/system_2M_flash.a(port_overwrite.c.o)
                              include_lib/liba/br34/cpu_2M_flash.a(startup.S.o) (maskrom_init)
[...]
Memory Configuration

Name             Origin             Length             Attributes
code0            0x01e00120         0x00100000         xr
ram0             0x00000000         0x0002bb60         xrw
*default*        0x00000000         0xffffffff

Linker script and memory map

LOAD obj/Release/apps/common/audio/audio_digital_vol.o
LOAD cpu\br34\tools_2M_flash\sdk.elf.o
LOAD obj/Release/apps/common/audio/audio_noise_gate.o
LOAD obj/Release/apps/common/audio/audio_ns.o
LOAD obj/Release/apps/common/audio/audio_plc.o
LOAD obj/Release/apps/common/audio/sine_make.o
LOAD obj/Release/apps/common/audio/uartPcmSender.o
LOAD obj/Release/apps/common/audio/wm8978/iic.o
LOAD obj/Release/apps/common/audio/wm8978/wm8978.o
LOAD obj/Release/apps/common/config/app_config.o
LOAD obj/Release/apps/common/config/bt_profile_config.o
LOAD obj/Release/apps/common/config/ci_transport_uart.o
LOAD obj/Release/apps/common/debug/debug.o
LOAD obj/Release/apps/common/debug/debug_lite.o
LOAD obj/Release/apps/common/device/clock_manager/clock_manager.o
LOAD obj/Release/apps/common/device/gSensor/da230.o
LOAD obj/Release/apps/common/device/gSensor/gSensor_manage.o
LOAD obj/Release/apps/common/device/gSensor/SC7A20.o
LOAD obj/Release/apps/common/device/gSensor/STK8321.o
LOAD obj/Release/apps/common/device/gx8002_npu/gx8002_enc/gx8002_enc.o
LOAD obj/Release/apps/common/device/gx8002_npu/gx8002_npu.o
LOAD obj/Release/apps/common/device/gx8002_npu/gx8002_npu_event_deal.o
LOAD obj/Release/apps/common/device/gx8002_npu/gx8002_upgrade/app_upgrade/gx_uart_upgrade_app.o
LOAD obj/Release/apps/common/device/gx8002_npu/gx8002_upgrade/app_upgrade/gx_uart_upgrade_tws.o
LOAD obj/Release/apps/common/device/gx8002_npu/gx8002_upgrade/gx_uart_upgrade.o
LOAD obj/Release/apps/common/device/gx8002_npu/gx8002_upgrade/gx_uart_upgrade_porting.o
LOAD obj/Release/apps/common/device/gx8002_npu/gx8002_upgrade/sdfile_upgrade/gx_uart_upgrade_sdfile.o
LOAD obj/Release/apps/common/device/gx8002_npu/gx8002_upgrade/spp_upgrade/gx_fifo.o
LOAD obj/Release/apps/common/device/gx8002_npu/gx8002_upgrade/spp_upgrade/gx_uart_upgrade_spp.o
LOAD obj/Release/apps/common/device/in_ear_detect/in_ear_detect.o
LOAD obj/Release/apps/common/device/in_ear_detect/in_ear_manage.o
LOAD obj/Release/apps/common/device/ir_sensor/ir_manage.o
LOAD obj/Release/apps/common/device/ir_sensor/jsa1221.o
LOAD obj/Release/apps/common/jl_kws/jl_kws_algo.o
LOAD obj/Release/apps/common/jl_kws/jl_kws_audio.o
LOAD obj/Release/apps/common/jl_kws/jl_kws_event.o
LOAD obj/Release/apps/common/jl_kws/jl_kws_main.o
LOAD obj/Release/apps/common/key/adkey.o
LOAD obj/Release/apps/common/key/adkey_rtcvdd.o
LOAD obj/Release/apps/common/key/ctmu_touch_key.o
LOAD obj/Release/apps/common/key/iokey.o
LOAD obj/Release/apps/common/key/irkey.o
LOAD obj/Release/apps/common/key/key_driver.o
LOAD obj/Release/apps/common/key/touch_key.o
LOAD obj/Release/apps/common/key/uart_key.o
LOAD obj/Release/apps/common/third_party_profile/common/3th_profile_api.o
LOAD obj/Release/apps/common/third_party_profile/common/custom_cfg.o
LOAD obj/Release/apps/common/third_party_profile/common/mic_rec.o
LOAD obj/Release/apps/common/third_party_profile/jieli/JL_rcsp/adv_app_setting/adv_bt_name_setting.o
LOAD obj/Release/apps/common/third_party_profile/jieli/JL_rcsp/adv_app_setting/adv_eq_setting.o
LOAD obj/Release/apps/common/third_party_profile/jieli/JL_rcsp/adv_app_setting/adv_high_low_vol_setting.o
LOAD obj/Release/apps/common/third_party_profile/jieli/JL_rcsp/adv_app_setting/adv_key_setting.o
LOAD obj/Release/apps/common/third_party_profile/jieli/JL_rcsp/adv_app_setting/adv_led_setting.o
LOAD obj/Release/apps/common/third_party_profile/jieli/JL_rcsp/adv_app_setting/adv_mic_setting.o
LOAD obj/Release/apps/common/third_party_profile/jieli/JL_rcsp/adv_app_setting/adv_music_info_setting.o
LOAD obj/Release/apps/common/third_party_profile/jieli/JL_rcsp/adv_app_setting/adv_time_stamp_setting.o
LOAD obj/Release/apps/common/third_party_profile/jieli/JL_rcsp/adv_app_setting/adv_work_setting.o
LOAD obj/Release/apps/common/third_party_profile/jieli/JL_rcsp/adv_rcsp_protocol/rcsp_adv_bluetooth.o
LOAD obj/Release/apps/common/third_party_profile/jieli/JL_rcsp/adv_rcsp_protocol/rcsp_adv_customer_user.o
LOAD obj/Release/apps/common/third_party_profile/jieli/JL_rcsp/adv_rcsp_protocol/rcsp_adv_opt.o
LOAD obj/Release/apps/common/third_party_profile/jieli/JL_rcsp/adv_rcsp_protocol/rcsp_adv_tws_sync.o
LOAD obj/Release/apps/common/third_party_profile/jieli/JL_rcsp/bt_trans_data/le_rcsp_adv_module.o
LOAD obj/Release/apps/common/third_party_profile/jieli/JL_rcsp/bt_trans_data/rcsp_adv_spp_user.o
LOAD obj/Release/apps/common/third_party_profile/jieli/JL_rcsp/rcsp_updata/rcsp_adv_user_update.o
LOAD obj/Release/apps/common/third_party_profile/jieli/JL_rcsp/rcsp_updata/rcsp_ch_loader_download.o
LOAD obj/Release/apps/common/third_party_profile/jieli/JL_rcsp/rcsp_updata/rcsp_user_update.o
LOAD obj/Release/apps/common/third_party_profile/jieli/online_db/online_db_deal.o
LOAD obj/Release/apps/common/third_party_profile/jieli/online_db/spp_online_db.o
LOAD obj/Release/apps/common/third_party_profile/jieli/trans_data_demo/le_trans_data.o
LOAD obj/Release/apps/common/third_party_profile/jieli/trans_data_demo/spp_trans_data.o
LOAD obj/Release/apps/common/third_party_profile/TME/le_tme_module.o
LOAD obj/Release/apps/common/third_party_profile/TME/TME_config.o
LOAD obj/Release/apps/common/third_party_profile/TME/tme_spp_user.o
LOAD obj/Release/apps/common/third_party_profile/TME/TME_tws.o
LOAD obj/Release/apps/common/third_party_profile/TME/TME_user_main.o
LOAD obj/Release/apps/common/third_party_profile/xiaomi/le_mi_server.o
LOAD obj/Release/apps/common/third_party_profile/xiaomi/mi_spp_user.o
LOAD obj/Release/apps/common/third_party_profile/xiaomi/mma_tws.o
LOAD obj/Release/apps/common/third_party_profile/xiaomi/mma_update_user.o
LOAD obj/Release/apps/common/ui/lcd_simple/lcd_simple_api.o
LOAD obj/Release/apps/common/ui/lcd_simple/ui.o
LOAD obj/Release/apps/common/ui/lcd_simple/ui_mainmenu.o
LOAD obj/Release/apps/common/update/testbox_update.o
LOAD obj/Release/apps/common/update/update.o
LOAD obj/Release/apps/common/update/update_tws.o
LOAD obj/Release/apps/common/update/update_tws_new.o
LOAD obj/Release/apps/common/usb/device/cdc.o
LOAD obj/Release/apps/common/usb/device/descriptor.o
LOAD obj/Release/apps/common/usb/device/hid.o
LOAD obj/Release/apps/common/usb/device/msd.o
LOAD obj/Release/apps/common/usb/device/msd_upgrade.o
LOAD obj/Release/apps/common/usb/device/task_pc.o
LOAD obj/Release/apps/common/usb/device/uac1.o
LOAD obj/Release/apps/common/usb/device/uac_stream.o
LOAD obj/Release/apps/common/usb/device/usb_device.o
LOAD obj/Release/apps/common/usb/device/user_setup.o
LOAD obj/Release/apps/common/usb/host/adb.o
LOAD obj/Release/apps/common/usb/host/aoa.o
LOAD obj/Release/apps/common/usb/host/audio.o
LOAD obj/Release/apps/common/usb/host/audio_demo.o
LOAD obj/Release/apps/common/usb/host/hid.o
LOAD obj/Release/apps/common/usb/host/usb_bulk_transfer.o
LOAD obj/Release/apps/common/usb/host/usb_ctrl_transfer.o
LOAD obj/Release/apps/common/usb/host/usb_host.o
LOAD obj/Release/apps/common/usb/host/usb_storage.o
LOAD obj/Release/apps/common/usb/usb_config.o
LOAD obj/Release/apps/common/usb/usb_host_config.o
LOAD obj/Release/apps/earphone/aec/br34/audio_aec.o
LOAD obj/Release/apps/earphone/app_main.o
LOAD obj/Release/apps/earphone/ble_adv.o
LOAD obj/Release/apps/earphone/board/br34/board_ad6983a.o
LOAD obj/Release/apps/earphone/board/br34/board_ad6983d.o
LOAD obj/Release/apps/earphone/board/br34/board_ad6983e_demo.o
LOAD obj/Release/apps/earphone/board/br34/board_ad6986a.o
LOAD obj/Release/apps/earphone/board/br34/board_ad698x_demo.o
LOAD obj/Release/apps/earphone/bt_auto_test.o
LOAD obj/Release/apps/earphone/bt_ble.o
LOAD obj/Release/apps/earphone/bt_tws.o
LOAD obj/Release/apps/earphone/earphone.o
LOAD obj/Release/apps/earphone/eartch_event_deal.o
LOAD obj/Release/apps/earphone/font/fontinit.o
LOAD obj/Release/apps/earphone/fs_test.o
LOAD obj/Release/apps/earphone/idle.o
LOAD obj/Release/apps/earphone/key_event_deal.o
LOAD obj/Release/apps/earphone/log_config/app_config.o
LOAD obj/Release/apps/earphone/log_config/lib_btctrler_config.o
LOAD obj/Release/apps/earphone/log_config/lib_btstack_config.o
LOAD obj/Release/apps/earphone/log_config/lib_driver_config.o
LOAD obj/Release/apps/earphone/log_config/lib_media_config.o
LOAD obj/Release/apps/earphone/log_config/lib_system_config.o
LOAD obj/Release/apps/earphone/log_config/lib_update_config.o
LOAD obj/Release/apps/earphone/pbg_demo.o
LOAD obj/Release/apps/earphone/power_manage/app_charge.o
LOAD obj/Release/apps/earphone/power_manage/app_chargestore.o
LOAD obj/Release/apps/earphone/power_manage/app_power_manage.o
LOAD obj/Release/apps/earphone/rcsp/jl_phone_app.o
LOAD obj/Release/apps/earphone/rcsp/rcsp_adv.o
LOAD obj/Release/apps/earphone/sdk_version.z.o
LOAD obj/Release/apps/earphone/tme/tme_earphone.o
LOAD obj/Release/apps/earphone/tme/tme_key.o
LOAD obj/Release/apps/earphone/tone_table.o
LOAD obj/Release/apps/earphone/trans_data_demo/trans_data_demo.o
LOAD obj/Release/apps/earphone/ui/lcd_simple/my_demo.o
LOAD obj/Release/apps/earphone/ui_manage.o
LOAD obj/Release/apps/earphone/user_cfg.o
LOAD obj/Release/apps/earphone/version.o
LOAD obj/Release/apps/earphone/vol_sync.o
LOAD obj/Release/apps/earphone/xm_mma/mma_earphone.o
LOAD obj/Release/apps/earphone/xm_mma/mma_key.o
LOAD obj/Release/cpu/br34/adc_api.o
LOAD obj/Release/cpu/br34/app_audio.o
LOAD obj/Release/cpu/br34/audio_dac_digital_volume.o
LOAD obj/Release/cpu/br34/audio_dec.o
LOAD obj/Release/cpu/br34/audio_enc.o
LOAD obj/Release/cpu/br34/audio_mic_capless.o
LOAD obj/Release/cpu/br34/audio_mic_codec.o
LOAD obj/Release/cpu/br34/audio_sync.o
LOAD obj/Release/cpu/br34/charge.o
LOAD obj/Release/cpu/br34/chargestore.o
LOAD obj/Release/cpu/br34/eq_config.o
LOAD obj/Release/cpu/br34/iic_hw.o
LOAD obj/Release/cpu/br34/iic_soft.o
LOAD obj/Release/cpu/br34/lp_touch_key.o
LOAD obj/Release/cpu/br34/lp_touch_key_alog.o
LOAD obj/Release/cpu/br34/overlay_code.o
LOAD obj/Release/cpu/br34/pwm_led.o
LOAD obj/Release/cpu/br34/setup.o
LOAD obj/Release/cpu/br34/spi.o
LOAD obj/Release/cpu/br34/tone_player.o
LOAD obj/Release/cpu/br34/uart_dev.o
LOAD obj/Release/cpu/br34/ui_driver/lcd_spi/lcd_drive.o
LOAD obj/Release/cpu/br34/ui_driver/lcd_spi/spi_oled.o
START GROUP
LOAD include_lib/liba/br34/cpu_2M_flash.a
LOAD include_lib/liba/br34/system_2M_flash.a
LOAD include_lib/liba/br34/btstack_2M_flash.a
LOAD include_lib/liba/br34/btctrler_2M_flash.a
LOAD include_lib/liba/br34/aec.a
LOAD include_lib/liba/br34/media_2M_flash.a
LOAD include_lib/liba/br34/media_app.a
LOAD include_lib/liba/br34/libepmotion.a
LOAD include_lib/liba/br34/libAptFilt_pi32v2_OnChip.a
LOAD include_lib/liba/br34/libEchoSuppress_pi32v2_OnChip.a
LOAD include_lib/liba/br34/libNoiseSuppress_pi32v2_OnChip.a
LOAD include_lib/liba/br34/libSplittingFilter_pi32v2_OnChip.a
LOAD include_lib/liba/br34/libDelayEstimate_pi32v2_OnChip.a
LOAD include_lib/liba/br34/libAdaptiveEchoSuppress_pi32v2_OnChip.a
LOAD include_lib/liba/br34/libOpcore_maskrom_pi32v2_OnChip.a
LOAD include_lib/liba/br34/sbc_eng_lib.a
LOAD include_lib/liba/br34/lib_esco_repair.a
LOAD include_lib/liba/br34/limiter_noiseGate.a
LOAD include_lib/liba/br34/agreement.a
LOAD include_lib/liba/br34/lib_sur_cal.a
LOAD include_lib/liba/br34/lib_vbass_cal.a
LOAD include_lib/liba/br34/wav_dec_lib.a
LOAD include_lib/liba/br34/opus_enc_lib.a
LOAD include_lib/liba/br34/mp3_dec_lib.a
LOAD include_lib/liba/br34/wtgv2_dec_lib.a
LOAD include_lib/liba/br34/libFFT_pi32v2_OnChip.a
LOAD include_lib/liba/br34/br34_aac_dec_lib.a
LOAD include_lib/liba/br34/compressor.a
LOAD include_lib/liba/br34/crossover_coff.a
LOAD include_lib/liba/br34/limiter.a
END GROUP
LOAD include_lib/liba/br34/update_2M_flash.a
                0x0010fc4c                local_irq_enable = 0x10fc4c
                0x0010fc50                local_irq_disable = 0x10fc50
                0x0010fc54                lp_signature_set = 0x10fc54
                0x0010fc58                os_init = 0x10fc58
                0x0010fc5c                os_start = 0x10fc5c
                0x0010fc60                os_get_curr_tcb_var = 0x10fc60
                0x0010fc64                os_task_create = 0x10fc64
                0x0010fc68                os_current_task_rom = 0x10fc68
                0x0010fc6c                os_time_dly = 0x10fc6c
                0x0010fc70                os_time_get = 0x10fc70
                0x0010fc74                os_task_del_req = 0x10fc74
                0x0010fc78                os_task_del_res = 0x10fc78
                0x0010fc7c                os_task_del = 0x10fc7c
                0x0010fc80                __os_taskq_pend = 0x10fc80
                0x0010fc84                os_taskq_pend = 0x10fc84
                0x0010fc88                os_task_pend = 0x10fc88
                0x0010fc8c                __os_taskq_post = 0x10fc8c
                0x0010fc90                os_taskq_post = 0x10fc90
                0x0010fc94                os_taskq_post_type = 0x10fc94
                0x0010fc98                os_taskq_flush = 0x10fc98
                0x0010fc9c                task_queue_post_event = 0x10fc9c
                0x0010fca0                os_taskq_post_msg = 0x10fca0
                0x0010fca4                os_taskq_post_event = 0x10fca4
                0x0010fca8                os_taskq_accept = 0x10fca8
                0x0010fcac                os_taskq_del = 0x10fcac
                0x0010fcb0                os_taskq_del_type = 0x10fcb0
                0x0010fcb4                os_sem_create = 0x10fcb4
                0x0010fcb8                os_sem_del = 0x10fcb8
                0x0010fcbc                os_sem_pend = 0x10fcbc
                0x0010fcc0                os_sem_post = 0x10fcc0
                0x0010fcc4                os_sem_set = 0x10fcc4
                0x0010fcc8                os_sem_valid = 0x10fcc8
                0x0010fccc                os_sem_query = 0x10fccc
                0x0010fcd0                os_mutex_create = 0x10fcd0
                0x0010fcd4                os_mutex_del = 0x10fcd4
                0x0010fcd8                os_mutex_pend = 0x10fcd8
                0x0010fcdc                os_mutex_post = 0x10fcdc
                0x0010fce0                os_mutex_valid = 0x10fce0
                0x0010fce4                xTaskCreate = 0x10fce4
                0x0010fce8                xTaskGetCurrentTaskHandle = 0x10fce8
                0x0010fcec                xTaskGetTickCount = 0x10fcec
                0x0010fcf0                xTaskGetHandle = 0x10fcf0
                0x0010fcf0                os_task_get_handle = 0x10fcf0
                0x0010fcf4                vTaskDelete = 0x10fcf4
                0x0010fcf8                xTaskGetApplicationTaskTag = 0x10fcf8
                0x0010fcfc                vTaskSetApplicationTaskTag = 0x10fcfc
                0x0010fd00                xQueueGenericCreateStatic = 0x10fd00
                0x0010fd04                xQueueGenericReset = 0x10fd04
                0x0010fd08                xQueueGenericSend = 0x10fd08
                0x0010fd0c                xQueueGenericSendFromISR = 0x10fd0c
                0x0010fd10                xQueueGenericReceive = 0x10fd10
                0x0010fd14                xQueueReceiveFromISR = 0x10fd14
                0x0010fd18                vQueueDelete = 0x10fd18
                0x0010fd1c                uxQueueMessagesWaiting = 0x10fd1c
                0x0010fd20                uxQueueMessagesWaitingFromISR = 0x10fd20
                0x0010fd24                uxQueueSpacesAvailable = 0x10fd24
                0x0010fd28                pcTaskGetName = 0x10fd28
                0x0010fd2c                prvGetExpectedIdleTime = 0x10fd2c
                0x0010fd30                eTaskConfirmSleepModeStatus = 0x10fd30
                0x0010fd34                vTaskStepTick = 0x10fd34
                0x0010fd38                pxPortInitialiseStack = 0x10fd38
                0x0010fd3c                xPortStartScheduler = 0x10fd3c
                0x0010fd40                vPortEndScheduler = 0x10fd40
                0x0010fd44                vPortYield = 0x10fd44
                0x0010fd48                vPortExitCritical = 0x10fd48
                0x0010fd4c                OS_ClrPending = 0x10fd4c
                0x0010fd50                vTickISR = 0x10fd50
                0x0010fd54                pmalloc_init = 0x10fd54
                0x0010fd58                pmalloc = 0x10fd58
                0x0010fd5c                pfree = 0x10fd5c
                0x0010fd60                pmalloc_get_unused_pages = 0x10fd60
                0x0010fd64                get_physic_address = 0x10fd64
                0x0010fd68                pmm_get_var = 0x10fd68
                0x0010fd6c                vmm_init_ = 0x10fd6c
                0x0010fd70                vmalloc_ = 0x10fd70
                0x0010fd74                vfree_ = 0x10fd74
                0x0010fd78                vmem_get_phy_adr = 0x10fd78
                0x0010fd7c                vmem_start = 0x10fd7c
                0x0010fd80                vmem_end = 0x10fd80
                0x0010fd84                vmm_get_var = 0x10fd84
                0x0010fd88                vmalloc_v2 = 0x10fd88
                0x0010fd8c                vfree_v2 = 0x10fd8c
                0x0010fd90                vcopy_ = 0x10fd90
                0x0010fd94                memmem = 0x10fd94
                0x0010fd98                memcpy = 0x10fd98
                0x0010fd9c                memmove = 0x10fd9c
                0x0010fda0                memcmp = 0x10fda0
                0x0010fda4                memset = 0x10fda4
                0x0010fda8                strcmp = 0x10fda8
                0x0010fdac                strcpy = 0x10fdac
                0x0010fdb0                strlen = 0x10fdb0
                0x0010fdb4                strncmp = 0x10fdb4
                0x0010fdb8                strstr = 0x10fdb8
                0x0010fdbc                strchr = 0x10fdbc
                0x0010fdc0                IcuCmdKst = 0x10fdc0
                0x0010fdc4                DcuCmdKst = 0x10fdc4
                0x0010fdc8                IcuCmdSend = 0x10fdc8
                0x0010fdcc                DcuCmdSend = 0x10fdcc
                0x0010fdd0                flush_dcache = 0x10fdd0
                0x0010fdd4                flushinv_dcache = 0x10fdd4
                0x0010fdd8                sfc_suspend = 0x10fdd8
                0x0010fddc                sfc_resume = 0x10fddc
                0x0010fde0                sfc_drop_cache = 0x10fde0
                0x0010fde4                chip_crc16 = 0x10fde4
                0x0010fde8                CrcDecode = 0x10fde8
                0x0010fdec                mask_init = 0x10fdec
                0x0010fdf0                clr_wdt = 0x10fdf0
                0x0010fdf4                nvram_set_boot_state = 0x10fdf4
                0x0010fdf8                chip_reset = 0x10fdf8
                0x0010fdfc                the_debug_isr = 0x10fdfc
                0x0010fe00                print = 0x10fe00
                0x0010fe04                sprintf = 0x10fe04
                0x0010fe08                printf = 0x10fe08
                0x0010fe0c                puts = 0x10fe0c
                0x0010fe10                doe = 0x10fe10
                0x0010fe14                spi_get_port = 0x10fe14
                0x0010fe18                _pll_init = 0x10fe18
                0x0010fe1c                flash_poweron = 0x10fe1c
                0x0010fe20                spi_unmount = 0x10fe20
                0x0010fe24                spi_port_io_init = 0x10fe24
                0x0010fe28                LZ4_setStreamDecode = 0x10fe28
                0x0010fe2c                LZ4_decompress_safe_continue = 0x10fe2c
                0x0010fe30                LZ4_decompress_generic = 0x10fe30
                0x0010fe34                g_hash_function = 0x10fe34
                0x0010fe38                f1_hash_function = 0x10fe38
                0x0010fe3c                f2_hash_function = 0x10fe3c
                0x0010fe40                f3_hash_function = 0x10fe40
                0x0010fe44                h2_hash_function = 0x10fe44
                0x0010fe48                h3_hash_function = 0x10fe48
                0x0010fe4c                h4_hash_function = 0x10fe4c
                0x0010fe50                h5_hash_function = 0x10fe50
                0x0010fe54                g_function = 0x10fe54
                0x0010fe58                f1_function = 0x10fe58
                0x0010fe5c                f2_function = 0x10fe5c
                0x0010fe60                f3_function = 0x10fe60
                0x0010fe64                sha256Compute = 0x10fe64
                0x0010fe68                uECC_compute_public_key = 0x10fe68
                0x0010fe6c                uECC_shared_secret = 0x10fe6c
                0x0010fe70                bi_initialize = 0x10fe70
                0x0010fe74                bi_read_from_byte = 0x10fe74
                0x0010fe78                bi_poly_mod2 = 0x10fe78
                0x0010fe7c                bi_poly_mul = 0x10fe7c
                0x0010fe80                trim = 0x10fe80
                0x0010fe84                bi_wirte_to_byte = 0x10fe84
                0x0010fe88                bi_free = 0x10fe88
                0x0010fe8c                bi_terminate = 0x10fe8c
                0x0010fe90                design_hp = 0x10fe90
                0x0010fe94                design_lp = 0x10fe94
                0x0010fe98                design_pe = 0x10fe98
                0x0010fe9c                eq_cos_sin = 0x10fe9c
                0x0010fea0                eq_exp = 0x10fea0
                0x0010fea4                eq_db2mag = 0x10fea4
                0x0010fea8                eq_sqrt = 0x10fea8
                0x0010feac                eq_stable_check = 0x10feac
                0x0010feb0                sf_sin_tab1 = 0x10feb0
                0x0010feb4                get_cvsd_codec_ops = 0x10feb4
                0x0010feb8                B_fir_cal_s = 0x10feb8
                0x0010febc                B_array_vol = 0x10febc
                0x0010fec0                B_Syn_filt = 0x10fec0
                0x0010fec4                B_Residu = 0x10fec4
                0x0010fec8                B_comput_correlataionS = 0x10fec8
                0x0010fecc                B_iircal = 0x10fecc
                0x0010fed0                get_g729dec_ops = 0x10fed0
                0x0010fef4                logAprx_CORDIC_float = 0x10fef4
                0x0010fef8                expAprx_CORDIC_float = 0x10fef8
                0x0010fefc                magnAprx_float = 0x10fefc
                0x0010ff00                MatrixCopy_float_c_c = 0x10ff00
                0x0010ff04                MatrixCopy_float_f_f = 0x10ff04
                0x0010ff08                MatrixEwMulAndSumOneDim_float_c_c_c_s0 = 0x10ff08
                0x0010ff0c                MatrixEwMulAndSumOneDim_float_c_c_c_s1 = 0x10ff0c
                0x0010ff10                MatrixEwMulAndSumOneDim_float_f_f_f_s0 = 0x10ff10
                0x0010ff14                MatrixEwMulAndSumOneDim_float_f_f_f_s1 = 0x10ff14
                0x0010ff18                MatrixEwConjMulAndSumOneDim_float_c_c_c_s0 = 0x10ff18
                0x0010ff1c                MatrixEwConjMulAndSumOneDim_float_c_c_c_s1 = 0x10ff1c
                0x0010ff24                VecOverShift_s16_f32 = 0x10ff24
                0x0010ff28                VecMinus_s16_f32_f32 = 0x10ff28
                0x0010ff2c                VectorCopy_f32_s16 = 0x10ff2c
                0x0010ff30                VecEleMul_s16_s16_f32 = 0x10ff30
                0x0010ff34                VecEleMul_f32_s16_f32 = 0x10ff34
                0x0010ff38                VecMeanSq_float_f_f = 0x10ff38
                0x0010ff3c                VectorSet_float_f_f = 0x10ff3c
                0x0010ff40                VecMagRecAve_float_c_f_f = 0x10ff40
                0x0010ff44                VecMulScalar_float_c_f_c = 0x10ff44
                0x0010ff48                VecConjEleMul_float_c_c_c = 0x10ff48
                0x0010ff4c                VecPlus_float_f_f_f = 0x10ff4c
                0x0010ff50                VecDivide_float_c_f_c_f = 0x10ff50
                0x0010ff54                VecPlus_float_c_c_c = 0x10ff54
                0x0010ff58                VecConjMulRecAve_float_c_c_c_f = 0x10ff58
                0x0010ff5c                VecGetMag_float_c_f = 0x10ff5c
                0x0010ff60                VecMax_float_f_f = 0x10ff60
                0x0010ff64                VecRecAve_float_f_f_f = 0x10ff64
                0x0010ff68                VecEleMul_float_f_f_f = 0x10ff68
                0x0010ff6c                VecMagAndDiv_float_c_f_f_f = 0x10ff6c
                0x0010ff70                VecMin_float_f_f = 0x10ff70
                0x0010ff74                VecMinus_float_f_f_f = 0x10ff74
                0x0010ff78                VecMean_float_f_f = 0x10ff78
                0x0010ff7c                VecEleMul_float_c_f_c = 0x10ff7c
                0x0010ff80                VecMeanSqu_float_c_f = 0x10ff80
                0x0010ff84                VecCopy_float_f_f = 0x10ff84
                0x0010ff88                VecMin_float_f_f_f = 0x10ff88
                0x0010ff8c                VecDivide_float_f_f_f_f = 0x10ff8c
                0x0010ff90                VecCompBT_float_f_f_f = 0x10ff90
                0x0010ff94                VecCondCopy_float_f_f_f = 0x10ff94
                0x0010ff98                VecMulScalar_float_f_f_f = 0x10ff98
                0x0010ff9c                VecPlusScalar_float_f_f_f = 0x10ff9c
                0x0010ffa0                VecMinScalar_float_f_f_f = 0x10ffa0
                0x0010ffa4                VecOpposite_float_f_f = 0x10ffa4
                0x0010ffa8                VecEleMla_float_f_f_f = 0x10ffa8
                0x0010ffac                VecEleMla_float_c_c_c = 0x10ffac
                0x0010ffb0                VecMinus_float_c_c_c = 0x10ffb0
                0x0010ffb4                VecDotProduct_float_f_f_f = 0x10ffb4
                0x0010ffb8                VecDotProduct_float_c_c_c = 0x10ffb8
                0x0010ffbc                VecDotProduct_float_c_f_c = 0x10ffbc
                0x0010ffc0                VecCopy_float_c_c = 0x10ffc0
                0x0010ffc4                VecCopy_float_f_c = 0x10ffc4
                0x0010ffc8                VecConjDotProduct_float_c_c_c = 0x10ffc8
                0x0010ffcc                VecNormalize_float_c_c_f = 0x10ffcc
                0x0010ffd0                VecRecAve_float_c_c_f = 0x10ffd0
                0x0010ffd4                VecOverlapShift_float_f_f_i = 0x10ffd4
                0x0010ffd8                VecMax_float_f_f_f = 0x10ffd8
                0x0010ffdc                VecConjEwMulAndDiv_float_c_c_f_f_c = 0x10ffdc
                0x0010ffe0                VecPlusMulScalar_float_c_c_f_c = 0x10ffe0
                0x0010ffe4                VecCondCopy_float_c_i_c = 0x10ffe4
                0x0010ffe8                VecEleMulAndDiv_float_f_f_f_f_f = 0x10ffe8
                0x0010ffec                VectorSet_float_f_c = 0x10ffec
                0x0010fff0                VecDivScalar_float_f_f_f = 0x10fff0
                0x0010fff4                VecDivScalar_float_c_f_c = 0x10fff4
                0x0010fff8                VecPlusScalar_float_c_f_c = 0x10fff8
                0x0010fffc                VecMinScalar_float_c_f_c = 0x10fffc
                0x00103804                STFT_Win_FixHalf_M512_D160 = 0x103804
                0x00103c04                STFT_Win_FixHalf_M256_D160 = 0x103c04
                0x00103e04                STFT_Win_FixHalf_M256_D80 = 0x103e04
                0x00104004                STFT_Win_FixHalf_M128_D80 = 0x104004
                0x00100004                WOLAAnalysisFilter_Float_M64_m4_r1 = 0x100004
                0x00100404                WOLASynthesisFilter_Float_M64_m4_r1 = 0x100404
                0x00100804                WOLAAnalysisFilter_Float_M128_m4_r1 = 0x100804
                0x00101004                WOLASynthesisFilter_Float_M128_m4_r1 = 0x101004
                0x00101804                WOLAAnalysisFilter_Float_M256_m4_r1 = 0x101804
                0x00102804                WOLASynthesisFilter_Float_M256_m4_r1 = 0x102804
                0x0010c1ec                quantize_intervals_LF = 0x10c1ec
                0x0010c2f0                invert_quantize_dither_factors_LF = 0x10c2f0
                0x0010c3f4                quantize_dither_factors_LF = 0x10c3f4
                0x0010c4f8                quantize_factor_select_offset_LF = 0x10c4f8
                0x0010c57c                hd_quantize_intervals_LF = 0x10c57c
                0x0002bc04                boot_arg_list = 0x2bc04
                0x0002bf00                _IRQ_MEM_ADDR = 0x2bf00
                0x0002bbe0                _MASK_MEM_BEGIN = 0x2bbe0
                0x00000308                _MASK_MEM_SIZE = 0x308
                0x00000080                UPDATA_SIZE = 0x80
                0x0002bb60                UPDATA_BEG = (_MASK_MEM_BEGIN - UPDATA_SIZE)
                0x0002c000                UPDATA_BREDR_BASE_BEG = 0x2c000
                0x00000000                RAM_LIMIT_L = 0x0
                0x0002bb60                RAM_LIMIT_H = UPDATA_BEG
                0x0002bb60                PHY_RAM_SIZE = (RAM_LIMIT_H - RAM_LIMIT_L)
                0x0002bf00                ISR_BASE = _IRQ_MEM_ADDR
                0x00000308                ROM_RAM_SIZE = _MASK_MEM_SIZE
                0x0002bbe0                ROM_RAM_BEG = _MASK_MEM_BEGIN
                0x00000000                RAM0_BEG = RAM_LIMIT_L
                0x0002bb60                RAM0_END = RAM_LIMIT_H
                0x0002bb60                RAM0_SIZE = (RAM0_END - RAM0_BEG)
                0x0002e7a0                EQ_PRIV_COEFF_BASE = 0x2e7a0
                0x0000000a                EQ_PRIV_SECTION_NUM = 0xa
                0x0002e9d0                EQ_PRIV_COEFF_END = (EQ_PRIV_COEFF_BASE + ((0x4 * EQ_PRIV_SECTION_NUM) * 0xe))
                0x01e00120                CODE_BEG = 0x1e00120
                0x01e00120                . = ORIGIN (code0)

.text           0x01e00120    0x25480
                [!provide]                PROVIDE (text_rodata_begin, .)
 *(.entry_text)
 *(.startup.text)
 .startup.text  0x01e00120       0x7e include_lib/liba/br34/cpu_2M_flash.a(startup.S.o)
                0x01e00120                _start
                0x01e0019e                bank_stub_start = .
 *(.bank.stub.*)
 .bank.stub.4   0x01e0019e       0x10 cpu\br34\tools_2M_flash\sdk.elf.o
 .bank.stub.0   0x01e001ae       0x40 cpu\br34\tools_2M_flash\sdk.elf.o
 .bank.stub.2   0x01e001ee       0x20 cpu\br34\tools_2M_flash\sdk.elf.o
 .bank.stub.1   0x01e0020e       0x78 cpu\br34\tools_2M_flash\sdk.elf.o
 .bank.stub.3   0x01e00286       0x10 cpu\br34\tools_2M_flash\sdk.elf.o
 .bank.stub.6   0x01e00296       0x40 cpu\br34\tools_2M_flash\sdk.elf.o
 .bank.stub.5   0x01e002d6       0x20 cpu\br34\tools_2M_flash\sdk.elf.o
                0x00000158                bank_stub_size = (. - bank_stub_start)
 *(.text)
 .text          0x01e002f6     0x6068 cpu\br34\tools_2M_flash\sdk.elf.o
                0x01e00444                update_result_get
                0x01e0462a                app_bank_init
                0x01e04644                exception_analyze
                0x01e06360                . = ALIGN (0x4)
 *fill*         0x01e0635e        0x2 
                0x01e06360                lcd_interface_begin = .
 *(.lcd_if_info)
                0x01e06360                lcd_interface_end = .
                0x01e06360                ui_style_begin = .
 *(.ui_style)
                0x01e06360                ui_style_end = .
                0x01e06360                elm_event_handler_begin_JL = .
 *(.elm_event_handler_JL)
                0x01e06360                elm_event_handler_end_JL = .
                0x01e06360                elm_event_handler_begin_UPGRADE = .
 *(.elm_event_handler_UPGRADE)
                0x01e06360                elm_event_handler_end_UPGRADE = .
                0x01e06360                elm_event_handler_begin_DIAL = .
 *(.elm_event_handler_DIAL)
                0x01e06360                elm_event_handler_end_DIAL = .
                0x01e06360                control_event_handler_begin = .
 *(.control_event_handler)
                0x01e06360                control_event_handler_end = .
                0x01e06360                control_ops_begin = .
 *(.control_ops)
                0x01e06360                control_ops_end = .
                0x01e06360                battery_notify_begin = .
 *(.battery_notify)
                0x01e06360                battery_notify_end = .
 *(.LOG_TAG_CONST*)
 *(.rodata*)
 .rodata        0x01e06360      0xfb4 cpu\br34\tools_2M_flash\sdk.elf.o
 .rodata.str1.1
                0x01e07314      0x3f2 cpu\br34\tools_2M_flash\sdk.elf.o
                                0x41d (size before relaxing)
 *fill*         0x01e07706        0x2 
 .rodata.cst16  0x01e07708       0x20 cpu\br34\tools_2M_flash\sdk.elf.o
 .rodata.cst8   0x01e07728       0x10 cpu\br34\tools_2M_flash\sdk.elf.o
 .rodata.cst32  0x01e07738       0x20 cpu\br34\tools_2M_flash\sdk.elf.o
 .rodata._ZTV15StaticAllocatorI9floatRealE
                0x01e07758       0x10 cpu\br34\tools_2M_flash\sdk.elf.o
 .rodata._ZTV15StaticAllocatorI7fixRealE
                0x01e07768       0x10 cpu\br34\tools_2M_flash\sdk.elf.o
                0x01e07778                . = ALIGN (0x4)
                [!provide]                PROVIDE (text_rodata_end, .)
                0x01e07778                clock_critical_handler_begin = .
 *(.clock_critical_txt)
 .clock_critical_txt
                0x01e07778       0x28 cpu\br34\tools_2M_flash\sdk.elf.o
                0x01e07778                clock_chargestore
                0x01e07780                clock_uart
                0x01e07788                clock_timer
                0x01e07790                clock_lrc
                0x01e07798                clock_port
                0x01e077a0                clock_critical_handler_end = .
                0x01e077a0                gsensor_dev_begin = .
 *(.gsensor_dev)
                0x01e077a0                gsensor_dev_end = .
                0x01e077a0                fm_dev_begin = .
 *(.fm_dev)
                0x01e077a0                fm_dev_end = .
                0x01e077a0                fm_emitter_dev_begin = .
 *(.fm_emitter_dev)
                0x01e077a0                fm_emitter_dev_end = .
                0x01e077a0                storage_device_begin = .
 *(.storage_device)
                0x01e077a0                storage_device_end = .
                0x01e077a0                . = ALIGN (0x4)
                0x01e077a0                __VERSION_BEGIN = .
 *(.sys.version)
 .sys.version   0x01e077a0       0x25 obj/Release/apps/earphone/sdk_version.z.o
 .sys.version   0x01e077c5       0x1e include_lib/liba/br34/cpu_2M_flash.a(version.z.o)
                0x01e077c5                lib_driver_version
                0x01e077e3                __VERSION_END = .
 *(.noop_version)
                0x01e077e4                . = ALIGN (0x4)
 *fill*         0x01e077e3        0x1 
                0x01e077e4                _SPI_CODE_START = .
 *(.spi_code)
                0x01e077e4                . = ALIGN (0x4)
                0x01e077e4                _SPI_CODE_END = .
                0x01e077e4                . = ALIGN (0x4)
                0x01e07800                . = ALIGN (0x20)
 *fill*         0x01e077e4       0x1c 
                0x01e07800                m_code_addr = .
 *(.m.code*)
 *(.movable.code*)
                0x00000000                m_code_size = ABSOLUTE ((. - m_code_addr))
                0x01e07800                . = ALIGN (0x20)
                0x01e07800                MEDIA_CODE_BEGIN = .
                0x01e07800                . = ALIGN (0x4)
                0x01e07800                media_text_start = .
 *(.ns_sparse_code)
 .ns_sparse_code
                0x01e07800      0x378 cpu\br34\tools_2M_flash\sdk.elf.o
 *(.aec_sparse_code)
 *(.nlp_sparse_code)
 *(.der_sparse_code)
 *(.qmf_sparse_code)
 .qmf_sparse_code
                0x01e07b78       0x38 cpu\br34\tools_2M_flash\sdk.elf.o
 *(.bt_audioplc_code)
 .bt_audioplc_code
                0x01e07bb0      0x444 cpu\br34\tools_2M_flash\sdk.elf.o
 *(.bt_audioplc_sparse_code)
 .bt_audioplc_sparse_code
                0x01e07ff4       0x2a cpu\br34\tools_2M_flash\sdk.elf.o
 *(.bt_audioplc_const)
 *fill*         0x01e0801e        0x2 
 .bt_audioplc_const
                0x01e08020        0xc cpu\br34\tools_2M_flash\sdk.elf.o
 *(.dms_sparse_code)
 *(.bark_const)
                0x01e0802c                . = ALIGN (0x4)
 *(.pcm_code)
 .pcm_code      0x01e0802c       0x92 cpu\br34\tools_2M_flash\sdk.elf.o
 *(.pcm_const)
 *(.cvsd_code)
 .cvsd_code     0x01e080be      0x2ee cpu\br34\tools_2M_flash\sdk.elf.o
 *(.cvsd_const)
 *(.g729_code)
 .g729_code     0x01e083ac      0x1ea cpu\br34\tools_2M_flash\sdk.elf.o
 *(.g729_const)
 *(.wtgv2_code)
 *(.wtgv2_const)
 *(.wtgv2dec_code)
 *(.wtgv2dec_const)
 *(.wtgv2dec_str)
 *(.wtg_decv2_sparse_code)
 *(.mp3_code)
 *(.mp3_const)
 *(.mp3_dec_code)
 *(.mp3_dec_const)
 *(.mp3_dec_sparse_code)
 *(.mp3_decstream_code)
 *(.mp3_decstream_const)
 *(.mp3_decstream_sparse_code)
 *(.wtg_dec_code)
 *(.wtg_dec_const)
 *(.wtg_dec_sparse_code)
 *(.msbc_code)
 *(.msbc_const)
 *(.sbc_code)
 *(.sbc_const)
 *(.sbc_msbc_code)
 .sbc_msbc_code
                0x01e08596      0x68a cpu\br34\tools_2M_flash\sdk.elf.o
 *(.sbc_msbc_const)
 *(.sine_code)
 *(.sine_const)
 *(.wav_code)
 *(.wav_const)
 *(.wav_dec_code)
 *(.wav_dec_const)
 *(.wav_dec_sparse_code)
 *(.wav_dec_sparse_const)
 *(.aac_code)
 *(.aac_const)
 *(.amr_code)
 *(.amr_const)
 *(.media_device_code)
 *(.media_device_const)
 *(.audio_encoder_code)
 *(.audio_encoder_const)
 *(.mixer_code)
 *(.mixer_const)
 *(.dec_server_code)
 *(.dec_server_const)
 *(.rec_server_code)
 *(.rec_server_const)
 *(.auto_mute_code)
 *(.auto_mute_const)
 *(.plc_code)
 *(.plc_const)
 *(.wireless_sync_code)
 *(.wireless_sync_const)
 *(.sbc_eng_code)
 *(.sbc_eng_const)
 *(.audio_codec_code)
 .audio_codec_code
                0x01e08c20      0x1ee cpu\br34\tools_2M_flash\sdk.elf.o
 *(.bt_compressor_sparse_const)
 *(.bt_compressor_sparse_code)
 *(.compressor_sparse_code)
 *(.compressor_sparse_const)
 *(.bt_limiter_sparse_const)
 *(.bt_limiter_sparse_code)
 *(.limiter_sparse_code)
 *(.limiter_sparse_const)
 *(.bt_crossOver_sparse_const)
 *(.bt_crossOver_sparse_code)
 *(.crossOver_sparse_code)
 *(.crossOver_sparse_const)
                0x01e08e10                . = ALIGN (0x4)
 *fill*         0x01e08e0e        0x2 
                0x01e08e10                _audio_decoder_begin = .
                0x01e08e10                PROVIDE (audio_decoder_begin, .)
 *(.audio_decoder)
 .audio_decoder
                0x01e08e10      0x154 cpu\br34\tools_2M_flash\sdk.elf.o
                0x01e08e10                g729_decoder
                0x01e08e54                pcm_decoder
                0x01e08e98                cvsd_decoder
                0x01e08edc                msbc_hw_decoder
                0x01e08f20                sbc_hw_decoder
                0x01e08f64                _audio_decoder_end = .
                0x01e08f64                PROVIDE (audio_decoder_end, .)
                0x01e08f64                _audio_encoder_begin = .
                0x01e08f64                PROVIDE (audio_encoder_begin, .)
 *(.audio_encoder)
 .audio_encoder
                0x01e08f64       0x40 cpu\br34\tools_2M_flash\sdk.elf.o
                0x01e08f64                cvsd_encoder
                0x01e08f84                msbc_hw_encoder
                0x01e08fa4                _audio_encoder_end = .
                0x01e08fa4                PROVIDE (audio_encoder_end, .)
                0x01e08fa4                _audio_package_begin = .
                [!provide]                PROVIDE (audio_package_begin, .)
 *(.audio_package)
                0x01e08fa4                _audio_package_end = .
                [!provide]                PROVIDE (audio_package_end, .)
                0x01e08fa4                _audio_dev_begin = .
                [!provide]                PROVIDE (audio_dev_begin, .)
 *(.audio_device)
                0x01e08fa4                _audio_dev_end = .
                [!provide]                PROVIDE (audio_dev_end, .)
                0x01e08fa4                _audio_hwaccel_begin = .
                [!provide]                PROVIDE (audio_hwaccel_begin, .)
 *(.audio_hwaccel)
                0x01e08fa4                _audio_hwaccel_end = .
                [!provide]                PROVIDE (audio_hwaccel_end, .)
                0x01e08fa4                . = ALIGN (0x4)
                0x01e08fa4                media_code_begin = .
 *(.media.*.text)
 .media.media_cpu.text
                0x01e08fa4     0x2484 cpu\br34\tools_2M_flash\sdk.elf.o
 .media.audio_decoder.text
                0x01e0b428       0x48 cpu\br34\tools_2M_flash\sdk.elf.o
 .media.audio_encoder.text
                0x01e0b470       0x20 cpu\br34\tools_2M_flash\sdk.elf.o
                0x01e0b490                . = ALIGN (0x4)
 *(.app_audio_code)
 .app_audio_code
                0x01e0b490      0x33e cpu\br34\tools_2M_flash\sdk.elf.o
 *(.app_audio_const)
 *(.compressor_code)
 *(.compressor_const)
 *(.bt_compressor_const)
 *(.bt_compressor_code)
 *(.crossOver_code)
 *(.crossOver_const)
 *(.bt_crossOver_const)
 *(.bt_crossOver_code)
 *(.limiter_code)
 *(.limiter_const)
 *(.bt_limiter_const)
 *(.bt_limiter_code)
                0x01e0b7d0                . = ALIGN (0x4)
 *fill*         0x01e0b7ce        0x2 
 *(.sur_cal_const)
 *(.sur_cal_code)
                0x01e0b7d0                . = ALIGN (0x4)
 *(.lib_pitchshift_code)
 *(.lib_pitchshift_const)
                0x01e0b7d0                . = ALIGN (0x4)
                0x01e0b7d0                media_code_end = .
                0x01e0b7d0                . = ALIGN (0x4)
                0x0000282c                media_code_size = (media_code_end - media_code_begin)
                0x01e0b7d0                . = ALIGN (0x4)
                0x01e0b7d0                media_text_end = .
                0x01e0b7d0                . = ALIGN (0x4)
                0x01e0b7d0                aac_dec_code_begin = .
 *(.bt_aac_dec_code)
 *(.bt_aac_dec_sparse_code)
                0x01e0b7d0                aac_dec_code_end = .
                0x00000000                aac_dec_code_size = (aac_dec_code_end - aac_dec_code_begin)
 *(.app_tone_code)
 .app_tone_code
                0x01e0b7d0      0xe6a cpu\br34\tools_2M_flash\sdk.elf.o
 *(.app_tone_const)
 *fill*         0x01e0c63a        0x2 
 .app_tone_const
                0x01e0c63c       0x64 cpu\br34\tools_2M_flash\sdk.elf.o
 *(.app_aec_code)
 .app_aec_code  0x01e0c6a0      0x53c cpu\br34\tools_2M_flash\sdk.elf.o
 *(.app_aec_const)
 .app_aec_const
                0x01e0cbdc       0x28 cpu\br34\tools_2M_flash\sdk.elf.o
 *(.opcore_table_maskrom)
 *(.bfilt_table_maskroom)
 *(.opcore_maskrom)
 .opcore_maskrom
                0x01e0cc04      0x13c cpu\br34\tools_2M_flash\sdk.elf.o
 *(.bfilt_code)
 *(.bfilt_const)
                0x01e0cd40                . = ALIGN (0x4)
                0x00005540                MEDIA_CODE_SIZE = (. - MEDIA_CODE_BEGIN)
 *(.audio_decoder_code)
 .audio_decoder_code
                0x01e0cd40     0x1e14 cpu\br34\tools_2M_flash\sdk.elf.o
 *(.audio_decoder_const)
 .audio_decoder_const
                0x01e0eb54       0xb2 cpu\br34\tools_2M_flash\sdk.elf.o
                0x01e0ec06                SYSTEM_CODE_BEGIN = .
                0x01e0ec08                . = ALIGN (0x4)
 *fill*         0x01e0ec06        0x2 
                0x01e0ec08                system_text_start = .
                0x01e0ec08                _device_node_begin = .
                0x01e0ec08                PROVIDE (device_node_begin, .)
 *(.device)
 .device        0x01e0ec08        0xc cpu\br34\tools_2M_flash\sdk.elf.o
                0x01e0ec08                device_table
                0x01e0ec14                _device_node_end = .
                0x01e0ec14                PROVIDE (device_node_end, .)
                0x01e0ec14                config_target_begin = .
                [!provide]                PROVIDE (config_target_begin, .)
 *(.config_target)
                0x01e0ec14                config_target_end = .
                [!provide]                PROVIDE (config_target_end, .)
                0x01e0ec14                system_code_begin = .
 *(.system.*.text)
 .system.cpu.text
                0x01e0ec14      0x79e cpu\br34\tools_2M_flash\sdk.elf.o
                0x01e0ef98                vFillingTaskStack
                0x01e0efc8                maskrom_init
                0x01e0f2fc                hw_mmu_disable
 .system.timer.text
                0x01e0f3b2      0x6b2 cpu\br34\tools_2M_flash\sdk.elf.o
 .system.cbuf.text
                0x01e0fa64      0x144 cpu\br34\tools_2M_flash\sdk.elf.o
 .system.event.text
                0x01e0fba8      0x3ce cpu\br34\tools_2M_flash\sdk.elf.o
 .system.fs.text
                0x01e0ff76      0x512 cpu\br34\tools_2M_flash\sdk.elf.o
 .system.ascii.text
                0x01e10488       0x84 cpu\br34\tools_2M_flash\sdk.elf.o
 .system.lbuf.text
                0x01e1050c      0x32c cpu\br34\tools_2M_flash\sdk.elf.o
 .system.task.text
                0x01e10838       0x44 cpu\br34\tools_2M_flash\sdk.elf.o
 .system.cfg_tool.text
                0x01e1087c      0x678 cpu\br34\tools_2M_flash\sdk.elf.o
 .system.printf.text
                0x01e10ef4       0x4a cpu\br34\tools_2M_flash\sdk.elf.o
 .system.app_core.text
                0x01e10f3e      0x294 cpu\br34\tools_2M_flash\sdk.elf.o
 .system.init.text
                0x01e111d2      0x228 cpu\br34\tools_2M_flash\sdk.elf.o
                0x01e111d2                boot_info_init
                0x01e111fc                main
                0x01e113fa                system_code_end = .
                0x01e113fc                . = ALIGN (0x4)
 *fill*         0x01e113fa        0x2 
                0x000027e6                system_code_size = (system_code_end - system_code_begin)
                0x01e113fc                vfs_ops_begin = .
 *(.vfs_operations)
                0x01e113fc                vfs_ops_end = .
                0x01e113fc                _lib_version_begin = .
                [!provide]                PROVIDE (lib_version_begin, .)
 *(.lib_version)
 .lib_version   0x01e113fc        0x4 cpu\br34\tools_2M_flash\sdk.elf.o
                0x01e113fc                __version_sdfile
                0x01e11400                _lib_version_end = .
                [!provide]                PROVIDE (lib_version_end, .)
                0x01e11400                _initcall_begin = .
                0x01e11400                PROVIDE (initcall_begin, .)
 *(.initcall)
 .initcall      0x01e11400       0x10 cpu\br34\tools_2M_flash\sdk.elf.o
                0x01e11400                __initcall_app_update_init
                0x01e11404                __initcall_app_chargestore_init
                0x01e11408                __initcall_tone_table_init
                0x01e1140c                __initcall_eq_init
                0x01e11410                _initcall_end = .
                0x01e11410                PROVIDE (initcall_end, .)
                0x01e11410                _early_initcall_begin = .
                0x01e11410                PROVIDE (early_initcall_begin, .)
 *(.early.initcall)
 .early.initcall
                0x01e11410        0x8 cpu\br34\tools_2M_flash\sdk.elf.o
                0x01e11410                __initcall_sys_event_init
                0x01e11414                __initcall_sdfile_init
                0x01e11418                _early_initcall_end = .
                0x01e11418                PROVIDE (early_initcall_end, .)
                0x01e11418                _late_initcall_begin = .
                0x01e11418                PROVIDE (late_initcall_begin, .)
 *(.late.initcall)
                0x01e11418                _late_initcall_end = .
                0x01e11418                PROVIDE (late_initcall_end, .)
                0x01e11418                _platform_initcall_begin = .
                0x01e11418                PROVIDE (platform_initcall_begin, .)
 *(.platform.initcall)
 .platform.initcall
                0x01e11418        0x4 cpu\br34\tools_2M_flash\sdk.elf.o
                0x01e11418                __initcall_syscfg_tools_init
                0x01e1141c                _platform_initcall_end = .
                0x01e1141c                PROVIDE (platform_initcall_end, .)
                0x01e1141c                _module_initcall_begin = .
                0x01e1141c                PROVIDE (module_initcall_begin, .)
 *(.module.initcall)
                0x01e1141c                _module_initcall_end = .
                0x01e1141c                PROVIDE (module_initcall_end, .)
                0x01e1141c                _sys_event_handler_begin = .
                0x01e1141c                PROVIDE (sys_event_handler_begin, .)
 *(.sys_event.4.handler)
 *(.sys_event.3.handler)
 *(.sys_event.2.handler)
 *(.sys_event.1.handler)
 *(.sys_event.0.handler)
                0x01e1141c                _sys_event_handler_end = .
                0x01e1141c                PROVIDE (sys_event_handler_end, .)
                0x01e1141c                _syscfg_arg_begin = .
                [!provide]                PROVIDE (syscfg_arg_begin, .)
 *(.syscfg.arg)
                0x01e1141c                _syscfg_arg_end = .
                [!provide]                PROVIDE (syscfg_arg_end, .)
                0x01e1141c                _syscfg_handler_begin = .
                [!provide]                PROVIDE (syscfg_handler_begin, .)
 *(.syscfg.handler)
                0x01e1141c                _syscfg_handler_end = .
                [!provide]                PROVIDE (syscfg_handler_end, .)
                0x01e1141c                _syscfg_ops_begin = .
                0x01e1141c                PROVIDE (syscfg_ops_begin, .)
 *(.syscfg.2.ops)
 .syscfg.2.ops  0x01e1141c       0x1c cpu\br34\tools_2M_flash\sdk.elf.o
                0x01e1141c                cfg_btif
 *(.syscfg.1.ops)
 .syscfg.1.ops  0x01e11438       0x1c cpu\br34\tools_2M_flash\sdk.elf.o
                0x01e11438                cfg_vm
 *(.syscfg.0.ops)
 .syscfg.0.ops  0x01e11454       0x1c cpu\br34\tools_2M_flash\sdk.elf.o
                0x01e11454                cfg_bin
                0x01e11470                _syscfg_ops_end = .
                0x01e11470                PROVIDE (syscfg_ops_end, .)
                0x01e11470                _server_info_begin = .
                [!provide]                PROVIDE (server_info_begin, .)
 *(.server_info)
                0x01e11470                _server_info_end = .
                [!provide]                PROVIDE (server_info_end, .)
                0x01e11470                _bus_device_begin = .
                [!provide]                PROVIDE (bus_device_begin, .)
 *(.bus_device)
                0x01e11470                _bus_device_end = .
                [!provide]                PROVIDE (bus_device_end, .)
                0x01e11470                _sys_power_hal_ops_begin = .
                [!provide]                PROVIDE (sys_power_hal_ops_begin, .)
 *(.sys_power_hal_ops)
                0x01e11470                _sys_power_hal_ops_end = .
                [!provide]                PROVIDE (sys_power_hal_ops_end, .)
                0x01e11470                . = ALIGN (0x4)
                0x01e11470                lp_target_begin = .
                [!provide]                PROVIDE (lp_target_begin, .)
 *(.lp_target)
 .lp_target     0x01e11470       0x90 cpu\br34\tools_2M_flash\sdk.elf.o
                0x01e11470                ota_lp_target
                0x01e1147c                phone_incom_lp_target
                0x01e11488                audio_dec_init_lp_target
                0x01e11494                bt_dec_lp_target
                0x01e114a0                mic_demo_lp_target
                0x01e114ac                audio_mc_device_lp_target
                0x01e114b8                audio_tone_lp_target
                0x01e114c4                tone_dec_lp_target
                0x01e114d0                __wakeup_is_idle_target
                0x01e114dc                usb_dev_lp_target
                0x01e114e8                usr_systimer_lp_target
                0x01e114f4                btstack_lowpower_target
                0x01e11500                lp_target_end = .
                [!provide]                PROVIDE (lp_target_end, .)
                0x01e11500                . = ALIGN (0x4)
                0x01e11500                deepsleep_target_begin = .
                [!provide]                PROVIDE (deepsleep_target_begin, .)
 *(.deepsleep_target)
                0x01e11500                deepsleep_target_end = .
                [!provide]                PROVIDE (deepsleep_target_end, .)
                0x01e11500                crypto_begin = .
 *(.crypto_ecdh_code)
 *(.crypto_ecdh_const)
 *(.crypto_bigint_code)
 *(.crypto_bigint_const)
 *(.crypto_code)
 *(.crypto_const)
 *(.ECDH_sample_code)
 *(.ECDH_sample_const)
 *(.uECC_code)
 *(.uECC_const)
 *(.hmac_code)
 *(.hmac_const)
 *(.hash_sample_code)
 *(.hash_sample_const)
 *(.aes_cmac_sample_code)
 *(.aes_cmac_sample_const)
                0x01e11500                crypto_end = .
                0x00000000                crypto_size = (. - crypto_begin)
 *(.mem_code)
 *(.mem_const)
 *(.os_port_code)
 *(.os_port_const)
                0x01e11500                __movable_function_start = .
 *(movable.text.*)
 *(movable.stub.*)
 *(movable.region.*)
                0x01e11500                __movable_function_end = .
                0x00000000                __movable_function_size = (__movable_function_end - __movable_function_start)
                0x01e11500                system_text_end = .
                0x000028f8                system_code_total_size = (system_text_end - system_text_start)
                0x01e11500                . = ALIGN (0x4)
                0x000028fa                SYSTEM_CODE_SIZE = (. - SYSTEM_CODE_BEGIN)
                0x01e11500                . = ALIGN (0x4)
                0x01e11500                update_target_begin = .
                [!provide]                PROVIDE (update_target_begin, .)
 *(.update_target)
 .update_target
                0x01e11500       0x10 cpu\br34\tools_2M_flash\sdk.elf.o
                0x01e11500                audio_update_target
                0x01e11508                ble_update_target
                0x01e11510                update_target_end = .
                [!provide]                PROVIDE (update_target_end, .)
                0x01e11510                . = ALIGN (0x4)
                0x01e11510                btstack_code_start = .
                0x01e11510                . = ALIGN (0x4)
                0x01e11510                a2dp_source_media_codec_begin = .
 *(.a2dp_source_media_codec)
                0x01e11510                a2dp_source_media_codec_end = .
                0x01e11510                a2dp_sink_media_probe_begin = .
 *(.a2dp_sink_media_probe)
                0x01e11510                a2dp_sink_media_probe_end = .
                0x01e11510                a2dp_sink_media_codec_begin = .
 *(.a2dp_sink_media_codec)
 .a2dp_sink_media_codec
                0x01e11510       0x30 cpu\br34\tools_2M_flash\sdk.elf.o
                0x01e11510                a2dp_1sbc_codec_private
                0x01e11528                a2dp_2aac_sink_codec
                0x01e11540                a2dp_sink_media_codec_end = .
                0x01e11540                a2dp_event_handler_begin = .
 *(.a2dp_event_handler)
 .a2dp_event_handler
                0x01e11540       0x38 cpu\br34\tools_2M_flash\sdk.elf.o
                0x01e11540                a2dp_sink_event_handler
                0x01e1155c                acp_a2dp_event_handler
                0x01e11578                a2dp_event_handler_end = .
                0x01e11578                sdp_record_item_begin = .
 *(.sdp_record_item)
 .sdp_record_item
                0x01e11578       0x3c cpu\br34\tools_2M_flash\sdk.elf.o
                0x01e11578                a2dp_sdp_record_item
                0x01e11584                arp_ct_sdp_record_item
                0x01e11590                arp_ta_sdp_record_item
                0x01e1159c                hfp_sdp_record_item
                0x01e115a8                pnp_sdp_record_item
                0x01e115b4                sdp_record_item_end = .
                0x01e115b4                bt_sleep_begin = .
 *(.bt_sleep)
                0x01e115b4                bt_sleep_end = .
 *(.bt_stack_const)
 .bt_stack_const
                0x01e115b4      0x788 cpu\br34\tools_2M_flash\sdk.elf.o
 *(.bt_stack_code)
 .bt_stack_code
                0x01e11d3c     0x9416 cpu\br34\tools_2M_flash\sdk.elf.o
 *(.ble_db_const)
 *(.ble_db_code)
 *(.ble_sm_const)
 *(.ble_sm_code)
 *(.ble_att_const)
 *(.ble_att_code)
 *(.ble_gatt_const)
 *(.ble_gatt_code)
                0x01e1b152                BTSTACK_LE_HOST_MESH_CODE_START = .
 *(.ble_mesh_code)
 *(.ble_mesh_tinycrypt_code)
 *(.ble_mesh_const)
 *(.ble_mesh_tinycrypt_const)
                0x00000000                BTSTACK_LE_HOST_MESH_CODE_SIZE = ABSOLUTE ((. - BTSTACK_LE_HOST_MESH_CODE_START))
                0x01e1b152                btstack_code_end = .
                0x01e1b154                . = ALIGN (0x4)
 *fill*         0x01e1b152        0x2 
                0x01e1b154                btctler_code_start = .
                0x01e1b154                BTCTLER_CONTROLLER_CODE_START = .
 *(.bt_rf_const)
 *(.bt_rf_code)
 .bt_rf_code    0x01e1b154      0x38e cpu\br34\tools_2M_flash\sdk.elf.o
 *(.vendor_manager_const)
 *(.vendor_manager_code)
 *(.device_manager_const)
 *(.device_manager_code)
 *(.hci_controller_const)
 *fill*         0x01e1b4e2        0x2 
 .hci_controller_const
                0x01e1b4e4       0x28 cpu\br34\tools_2M_flash\sdk.elf.o
 *(.hci_controller_code)
 .hci_controller_code
                0x01e1b50c      0x47e cpu\br34\tools_2M_flash\sdk.elf.o
 *(.hci_interface_const)
 *(.hci_interface_code)
                0x00000836                BTCTLER_CONTROLLER_CODE_SIZE = ABSOLUTE ((. - BTCTLER_CONTROLLER_CODE_START))
                0x01e1b98a                BTCTLER_LE_CONTROLLER_CODE_START = .
 *(.ble_rf_const)
 *(.ble_rf_code)
 .ble_rf_code   0x01e1b98a        0x2 cpu\br34\tools_2M_flash\sdk.elf.o
 *(.ble_ll_const)
 *(.ble_ll_code)
 *(.ble_hci_const)
 *(.ble_hci_code)
 *(.classic_hci_const)
 *(.classic_hci_code)
                0x00000002                BTCTLER_LE_CONTROLLER_CODE_SIZE = ABSOLUTE ((. - BTCTLER_LE_CONTROLLER_CODE_START))
                0x01e1b98c                BTCTLER_CL_CODE_START = .
 *(.bredr_irq)
 *(.bredr_irq_code)
 *(.bredr_irq_const)
 *(.classic_lmp_const)
 .classic_lmp_const
                0x01e1b98c       0x14 cpu\br34\tools_2M_flash\sdk.elf.o
 *(.classic_lmp_auth_const)
 *(.classic_lmp_bigint_const)
 *(.classic_lmp_crypt_const)
 *(.classic_lmp_ecdh_const)
 *(.classic_lmp_hmac_const)
 *(.classic_lmp_code)
 .classic_lmp_code
                0x01e1b9a0     0x3168 cpu\br34\tools_2M_flash\sdk.elf.o
 *(.classic_lmp_auth_code)
 *(.classic_lmp_bigint_code)
 *(.classic_lmp_crypt_code)
 *(.classic_lmp_ecdh_code)
 *(.classic_lmp_hmac_code)
 *(.classic_rf_const)
 .classic_rf_const
                0x01e1eb08       0xf0 cpu\br34\tools_2M_flash\sdk.elf.o
 *(.classic_rf_code)
 .classic_rf_code
                0x01e1ebf8     0x46f8 cpu\br34\tools_2M_flash\sdk.elf.o
 *(.classic_bb_const)
 *(.classic_bb_code)
                0x00007964                BTCTLER_CL_CODE_SIZE = ABSOLUTE ((. - BTCTLER_CL_CODE_START))
                0x01e232f0                btctler_code_end = .
                0x01e232f0                update_code_start = .
 *(.bt_updata_ram_code)
 *(.update_const)
 *(.update_code)
 .update_code   0x01e232f0       0x2a cpu\br34\tools_2M_flash\sdk.elf.o
                0x01e2331a                update_code_end = .
                0x01e2331a                driver_code_start = .
 *(.fm_code)
                0x01e2331a                CLOCK_CODE_START = .
 *(.clock_code)
 .clock_code    0x01e2331a      0xa7e cpu\br34\tools_2M_flash\sdk.elf.o
 *(.clock_const)
                0x00000a7e                CLOCK_CODE_SIZE = ABSOLUTE ((. - CLOCK_CODE_START))
 *(.debug_code)
 *(.debug_const)
 *(.power_code)
 .power_code    0x01e23d98     0x17a0 cpu\br34\tools_2M_flash\sdk.elf.o
 *(.power_const)
 *fill*         0x01e25538        0x8 
 .power_const   0x01e25540       0x60 cpu\br34\tools_2M_flash\sdk.elf.o
 *(.uart_code)
 *(.uart_const)
                0x01e255a0                driver_code_end = .
                0x01e255a0                . = ALIGN (0x4)
                0x00000000                . = ORIGIN (ram0)

.mmu_tlb        0x00000000      0xb00
 *(.mmu_tlb_segment)
 .mmu_tlb_segment
                0x00000000      0xb00 cpu\br34\tools_2M_flash\sdk.elf.o

.boot_info      0x00000b00       0x40
 *(.boot_info)
 .boot_info     0x00000b00       0x28 cpu\br34\tools_2M_flash\sdk.elf.o
                0x00000b40                . = ALIGN (0x20)
 *fill*         0x00000b28       0x18 

.irq_stack      0x00000b40      0x820
 *(.stack_magic)
 .stack_magic   0x00000b40       0x10 cpu\br34\tools_2M_flash\sdk.elf.o
                0x00000b40                stack_magic
                0x00000b50                _cpu0_sstack_begin = .
                [!provide]                PROVIDE (cpu0_sstack_begin, .)
 *(.stack)
 .stack         0x00000b50      0x800 include_lib/liba/br34/cpu_2M_flash.a(startup.S.o)
                0x00001350                _stack
                0x00001350                _cpu0_sstack_end = .
                [!provide]                PROVIDE (cpu0_sstack_end, .)
                0x00001350                _stack_end = .
 *(.stack_magic0)
 .stack_magic0  0x00001350       0x10 cpu\br34\tools_2M_flash\sdk.elf.o
                0x00001350                stack_magic0
                0x00001360                . = ALIGN (0x4)

.data           0x00001360      0x620
                0x00001360                . = ALIGN (0x4)
 *(.data_magic)
 .data_magic    0x00001360       0x40 cpu\br34\tools_2M_flash\sdk.elf.o
                0x00001360                data_magic
 *(.data*)
 .data          0x000013a0      0x1bc cpu\br34\tools_2M_flash\sdk.elf.o
                0x00001414                jiffies
                0x0000155c                . = ALIGN (0x4)
                0x0000155c                . = ALIGN (0x4)
                0x0000155c                audio_sync_data_begin = .
 *(.audio_sync_data)
 .audio_sync_data
                0x0000155c       0x14 cpu\br34\tools_2M_flash\sdk.elf.o
                0x00001570                audio_sync_data_end = .
                0x00001570                . = ALIGN (0x4)
 *(.sbc_data)
 *(.sbc_msbc_data)
 .sbc_msbc_data
                0x00001570       0x58 cpu\br34\tools_2M_flash\sdk.elf.o
 *(.msbc_data)
 *(.cvsd_data)
 .cvsd_data     0x000015c8       0x14 cpu\br34\tools_2M_flash\sdk.elf.o
 *(.aac_data)
 *(.sbc_eng_data)
 *(.bt_audioplc_data)
 *(.lc3_decoder_data)
 *(.wtgv2_data)
 *(.wtgv2dec_data)
 *(.anc_data)
 *(.anc_user_data)
 *(.anc_box_data)
 *(.anc_btspp_data)
 *(.anc_debug_data)
 *(.sms_data)
                0x000015dc                . = ALIGN (0x4)
                0x000015dc                . = ALIGN (0x4)
                0x000015dc                system_data_start = .
                0x000015dc                _video_subdev_begin = .
                [!provide]                PROVIDE (video_subdev_begin, .)
 *(.video_subdev.0)
 *(.video_subdev.1)
 *(.video_subdev.2)
 *(.video_subdev.3)
 *(.video_subdev.4)
 *(.video_subdev.5)
                0x000015dc                _video_subdev_end = .
                [!provide]                PROVIDE (video_subdev_end, .)
                0x000015dc                _audio_subdev_begin = .
                [!provide]                PROVIDE (audio_subdev_begin, .)
 *(.audio_subdev.0)
 *(.audio_subdev.1)
 *(.audio_subdev.2)
 *(.audio_subdev.3)
                0x000015dc                _audio_subdev_end = .
                [!provide]                PROVIDE (audio_subdev_end, .)
                0x000015dc                _iic_device_begin = .
                [!provide]                PROVIDE (iic_device_begin, .)
 *(.iic)
                0x000015dc                _iic_device_end = .
                [!provide]                PROVIDE (iic_device_end, .)
                0x000015dc                _avin_spi_device_begin = .
                [!provide]                PROVIDE (avin_spi_device_begin, .)
 *(.sw_spi)
                0x000015dc                _avin_spi_device_end = .
                [!provide]                PROVIDE (avin_spi_device_end, .)
                0x000015dc                _video_dev_begin = .
                [!provide]                PROVIDE (video_dev_begin, .)
 *(.video_device)
                0x000015dc                _video_dev_end = .
                [!provide]                PROVIDE (video_dev_end, .)
                0x000015dc                _key_driver_ops_begin = .
                [!provide]                PROVIDE (key_driver_ops_begin, .)
 *(.key_driver_ops)
                0x000015dc                _key_driver_ops_end = .
                [!provide]                PROVIDE (key_driver_ops_end, .)
                0x000015dc                _touch_driver_begin = .
                [!provide]                PROVIDE (touch_driver_begin, .)
 *(.touch_driver)
                0x000015dc                _touch_driver_end = .
                [!provide]                PROVIDE (touch_driver_end, .)
                0x000015dc                _static_hi_timer_begin = .
                [!provide]                PROVIDE (static_hi_timer_begin, .)
 *(.hi_timer)
                0x000015dc                _static_hi_timer_end = .
                [!provide]                PROVIDE (static_hi_timer_end, .)
                0x000015dc                _sys_cpu_timer_begin = .
                0x000015dc                PROVIDE (sys_cpu_timer_begin, .)
 *(.sys_cpu_timer)
                0x000015dc                _sys_cpu_timer_end = .
                0x000015dc                PROVIDE (sys_cpu_timer_end, .)
                0x000015dc                _sys_config_begin = .
                [!provide]                PROVIDE (sys_config_begin, .)
 *(.sys_cfg)
                0x000015dc                _sys_config_end = .
                [!provide]                PROVIDE (sys_config_end, .)
                0x000015dc                _sys_fat_begin = .
                [!provide]                PROVIDE (sys_fat_begin, .)
 *(.fs_fat)
                0x000015dc                _sys_fat_end = .
                [!provide]                PROVIDE (sys_fat_end, .)
                0x000015dc                _app_begin = .
                0x000015dc                PROVIDE (app_begin, .)
 *(.app)
 .app           0x000015dc       0x40 cpu\br34\tools_2M_flash\sdk.elf.o
                0x0000161c                _app_end = .
                0x0000161c                PROVIDE (app_end, .)
                0x0000161c                _os_begin = .
                [!provide]                PROVIDE (os_begin, .)
 *(.os_str)
 *(.os_data)
                0x0000161c                _os_end = .
                [!provide]                PROVIDE (os_end, .)
 *(.crypto_ecdh_data)
 *(.crypto_data)
 *(.mem_data)
 *(.os_port_data)
 *(.uECC_data)
 *(.ECDH_sample_data)
                0x0000161c                __movable_slot_start = .
 *(movable.slot.*)
                0x0000161c                __movable_slot_end = .
                0x0000161c                system_data_end = .
                0x0000161c                . = ALIGN (0x4)
                0x0000161c                btstack_data_start = .
 *(.bt_stack_data)
 .bt_stack_data
                0x0000161c       0xb5 cpu\br34\tools_2M_flash\sdk.elf.o
 *(.ble_db_data)
 *(.ble_sm_data)
 *(.ble_att_data)
 *(.ble_gatt_data)
                0x000016d1                BTSTACK_LE_HOST_MESH_DATA_START = .
                0x000016d4                . = ((. + 0x3) & 0xfffffffc)
 *fill*         0x000016d1        0x3 
                0x000016d4                _net_buf_pool_list = .
 *(._net_buf_pool.static.*)
 *(.ble_mesh_data)
 *(.ble_mesh_tinycrypt_data)
                0x00000003                BTSTACK_LE_HOST_MESH_DATA_SIZE = ABSOLUTE ((. - BTSTACK_LE_HOST_MESH_DATA_START))
                0x000016d4                btstack_data_end = .
                0x000016d4                btctler_data_start = .
                0x000016d4                BTCTLER_CONTROLLER_DATA_START = .
 *(.bt_rf_data)
 .bt_rf_data    0x000016d4       0x38 cpu\br34\tools_2M_flash\sdk.elf.o
 *(.vendor_manager_data)
 *(.device_manager_data)
 *(.hci_controller_data)
 .hci_controller_data
                0x0000170c       0xb8 cpu\br34\tools_2M_flash\sdk.elf.o
 *(.hci_interface_data)
                0x000000f0                BTCTLER_CONTROLLER_DATA_SIZE = ABSOLUTE ((. - BTCTLER_CONTROLLER_DATA_START))
                0x000017c4                BTCTLER_LE_CONTROLLER_DATA_START = .
 *(.ble_ll_data)
 *(.ble_hci_data)
 *(.classic_hci_data)
 *(.ble_rf_data)
                0x00000000                BTCTLER_LE_CONTROLLER_DATA_SIZE = ABSOLUTE ((. - BTCTLER_LE_CONTROLLER_DATA_START))
                0x000017c4                BTCTLER_CL_DATA_START = .
 *(.classic_lmp_data)
 .classic_lmp_data
                0x000017c4       0xd0 cpu\br34\tools_2M_flash\sdk.elf.o
 *(.classic_lmp_auth_data)
 *(.classic_lmp_bigint_data)
 *(.classic_lmp_crypt_data)
 *(.classic_lmp_ecdh_data)
 *(.classic_lmp_linkbulk_data)
 *(.classic_lmp_hmac_data)
 *(.classic_rf_data)
 .classic_rf_data
                0x00001894       0x17 cpu\br34\tools_2M_flash\sdk.elf.o
 *(.classic_bb_data)
                0x000000e7                BTCTLER_CL_DATA_SIZE = ABSOLUTE ((. - BTCTLER_CL_DATA_START))
                0x000018ab                btctler_data_end = .
                0x000018ab                update_data_start = .
                0x000018ab                update_data_end = .
                0x000018ab                driver_data_start = .
                0x000018ab                CLOCK_DATA_START = .
 *(.clock_data)
 *fill*         0x000018ab        0x1 
 .clock_data    0x000018ac       0xb4 cpu\br34\tools_2M_flash\sdk.elf.o
                0x000000b5                CLOCK_DATA_SIZE = ABSOLUTE ((. - CLOCK_DATA_START))
 *(.debug_data)
 *(.power_data)
 .power_data    0x00001960        0xc cpu\br34\tools_2M_flash\sdk.elf.o
 *(.uart_data)
                0x0000196c                driver_data_end = .
                0x00001980                . = ALIGN (0x20)
 *fill*         0x0000196c       0x14 

.bss            0x00001980     0x4c54
                0x00001980                . = ALIGN (0x4)
                0x00001980                system_bss_start = .
                0x00001980                . = ALIGN (0x4)
 *(.os_bss)
 *(.mem_heap)
 *(.memp_memory_x)
 *(.mem_bss)
 *(.os_port_bss)
 *(.uECC_bss)
 *(.ECDH_sample_bss)
                0x00001980                system_bss_end = .
                0x00001980                . = ALIGN (0x4)
 *(.bss)
 .bss           0x00001980     0x2490 cpu\br34\tools_2M_flash\sdk.elf.o
                0x00001a04                CurrentTCB
                0x00001a08                highCurrentTCB
                0x00003e10                . = ALIGN (0x4)
                0x00003e10                . = ALIGN (0x4)
                0x00003e10                audio_sync_bss_begin = .
 *(.audio_sync_bss)
                0x00003e10                audio_sync_bss_end = .
                0x00003e10                . = ALIGN (0x4)
 *(.sbc_msbc_bss)
 *(.cvsd_bss)
 .cvsd_bss      0x00003e10        0x8 cpu\br34\tools_2M_flash\sdk.elf.o
 *(.aac_bss)
 *(.sbc_eng_bss)
 *(.bt_audioplc_bss)
 *(.lc3_decoder_bss)
 *(.wtgv2_bss)
 *(.wtgv2dec_bss)
 *(.anc_bss)
 *(.anc_user_bss)
 *(.anc_box_bss)
 *(.anc_btspp_bss)
 *(.anc_debug_bss)
                0x00003e18                . = ALIGN (0x4)
 *(.os_bss)
 *(.volatile_ram)
 *(.btstack_pool)
 *(.audio_buf)
 *(.src_filt)
 *(.src_dma)
 *(.mem_heap)
 *(.memp_memory_x)
                0x00003e18                . = ALIGN (0x4)
 *(.non_volatile_ram)
 .non_volatile_ram
                0x00003e18      0x164 cpu\br34\tools_2M_flash\sdk.elf.o
                0x00003f80                . = ALIGN (0x20)
 *fill*         0x00003f7c        0x4 
                0x00003f80                btstack_bss_start = .
 *(.bt_stack_bss)
 .bt_stack_bss  0x00003f80      0x78a cpu\br34\tools_2M_flash\sdk.elf.o
 *(.ble_db_bss)
 *(.ble_sm_bss)
 *(.ble_att_bss)
 *(.ble_gatt_bss)
 *(.btstack_pool)
                0x0000470a                BTSTACK_LE_HOST_MESH_BSS_START = .
 *(.ble_mesh_bss)
 *(.ble_mesh_tinycrypt_bss)
                0x00000000                BTSTACK_LE_HOST_MESH_BSS_SIZE = ABSOLUTE ((. - BTSTACK_LE_HOST_MESH_BSS_START))
                0x0000470a                btstack_bss_end = .
                0x0000470a                btctler_bss_start = .
                0x0000470a                BTCTLER_CONTROLLER_BSS_START = .
 *(.bd_base)
 *fill*         0x0000470a        0x2 
 .bd_base       0x0000470c      0x15c cpu\br34\tools_2M_flash\sdk.elf.o
 *(.bredr_rxtx_bulk)
 .bredr_rxtx_bulk
                0x00004868      0xc80 cpu\br34\tools_2M_flash\sdk.elf.o
                0x000054e8                acl_tx_pool = .
 *(.bredr_tx_bulk)
                0x000060e8                acl_tx_pool_end = (acl_tx_pool + 0xc00)
                0x000060e8                . = acl_tx_pool_end
 *fill*         0x000054e8      0xc00 
                0x000060e8                acl_rx_pool = .
 *(.bredr_rx_bulk)
                0x000098e8                acl_rx_pool_end = (acl_rx_pool + 0x3800)
                0x000060e8                tws_bulk_pool = .
                0x000060e8                tws_bulk_pool_end = tws_bulk_pool
                0x000060e8                . = tws_bulk_pool_end
 *(.bt_rf_bss)
 .bt_rf_bss     0x000060e8       0x54 cpu\br34\tools_2M_flash\sdk.elf.o
 *(.hci_controller_bss)
 .hci_controller_bss
                0x0000613c       0x38 cpu\br34\tools_2M_flash\sdk.elf.o
 *(.hci_interface_bss)
 *(.device_manager_bss)
 *(.vendor_manager_bss)
                0x00001a6a                BTCTLER_CONTROLLER_BSS_SIZE = ABSOLUTE ((. - BTCTLER_CONTROLLER_BSS_START))
                0x00006174                BTCTLER_LE_CONTROLLER_BSS_START = .
 *(.ble_hci_bss)
 *(.ble_ll_bss)
 *(.ble_rf_bss)
                0x00000000                BTCTLER_LE_CONTROLLER_BSS_SIZE = ABSOLUTE ((. - BTCTLER_LE_CONTROLLER_BSS_START))
                0x00006174                BTCTLER_CL_BSS_START = .
 *(.classic_rf_bss)
 .classic_rf_bss
                0x00006174       0xfc cpu\br34\tools_2M_flash\sdk.elf.o
 *(.classic_lmp_bss)
 .classic_lmp_bss
                0x00006270      0x200 cpu\br34\tools_2M_flash\sdk.elf.o
 *(.classic_lmp_auth_bss)
 *(.classic_lmp_bigint_bss)
 *(.classic_lmp_crypt_bss)
 *(.classic_lmp_ecdh_bss)
 *(.classic_lmp_linkbulk_bss)
 *(.classic_lmp_hmac_bss)
 *(.classic_bb_bss)
 *(.classic_hci_bss)
                0x000002fc                BTCTLER_CL_BSS_SIZE = ABSOLUTE ((. - BTCTLER_CL_BSS_START))
                0x00006470                btctler_bss_end = .
                0x00006470                update_bss_start = .
 *(.update_bss)
                0x00006470                update_bss_end = .
                0x00006470                driver_bss_start = .
                0x00006470                CLOCK_BSS_START = .
 *(.clock_bss)
 .clock_bss     0x00006470      0x11c cpu\br34\tools_2M_flash\sdk.elf.o
                0x0000011c                CLOCK_BSS_SIZE = ABSOLUTE ((. - CLOCK_BSS_START))
 *(.debug_bss)
 *(.power_bss)
 .power_bss     0x0000658c       0x48 cpu\br34\tools_2M_flash\sdk.elf.o
 *(.uart_bss)
 *(.sd_var)
                0x000065d4                driver_bss_end = .

.data_code      0x000065e0       0xe0
                0x000065e0                data_code_pc_limit_begin = .
 *(.bank_critical_code)
 .bank_critical_code
                0x000065e0       0xde cpu\br34\tools_2M_flash\sdk.elf.o
                0x0000664e                enter_bank_switch
                0x00006684                exit_bank_switch
                0x000066c0                . = ALIGN (0x4)
 *fill*         0x000066be        0x2 

.common         0x000066c0     0xf578
                0x000066c0                common_code_run_addr = .
 *(.common*)
 .common        0x000066c0     0x1cec cpu\br34\tools_2M_flash\sdk.elf.o
 *(.flushinv_icache)
 *(.cache)
 *(.volatile_ram_code)
 *fill*         0x000083ac       0x14 
 .volatile_ram_code
                0x000083c0      0xd40 cpu\br34\tools_2M_flash\sdk.elf.o
                0x00008c08                spi_for_maskrom_init
 .volatile_ram_code
                0x00009100       0x92 include_lib/liba/br34/cpu_2M_flash.a(startup.S.o)
                0x00009100                __BT_UPDATA_JUMP
                0x00009180                exception_irq_handler
 *(.os_critical_code)
 .os_critical_code
                0x00009192      0x118 cpu\br34\tools_2M_flash\sdk.elf.o
                0x00009192                jiffies_half_msec
                0x000091ea                jiffies_msec
                0x0000928e                pvPortSwitch
 .os_critical_code
                0x000092aa       0x7e include_lib/liba/br34/system_2M_flash.a(bank_switch_asm.S.o)
                0x000092aa                bank_syscall_entry
 .os_critical_code
                0x00009328       0x82 include_lib/liba/br34/system_2M_flash.a(port_asm_mmu.S.o)
                0x00009328                vAppPortStartFirstTask
                0x00009352                vAppSoftwareInterruptISR
                0x00009394                begin_of_data
                0x00009394                __tick_irq_handler
 *(.os_code)
 *(.os_str)
 *(.fat_data_code)
                0x000093aa                audio_sync_code_begin = .
 *(.audio_sync_code)
 .audio_sync_code
                0x000093aa     0x1716 cpu\br34\tools_2M_flash\sdk.elf.o
                0x0000aac0                audio_sync_code_end = .
                0x0000aac0                . = ALIGN (0x4)
 *(.classic_tws_const)
 .classic_tws_const
                0x0000aac0        0x8 cpu\br34\tools_2M_flash\sdk.elf.o
 *(.classic_tws_code)
 .classic_tws_code
                0x0000aac8     0x5c08 cpu\br34\tools_2M_flash\sdk.elf.o
 *(.classic_tws_code.esco)
 .classic_tws_code.esco
                0x000106d0      0xef6 cpu\br34\tools_2M_flash\sdk.elf.o
                0x000115c6                btctler_ram_code_start = .
                0x000115c8                . = ALIGN (0x4)
 *fill*         0x000115c6        0x2 
 *(.lmp_irq_code)
 .lmp_irq_code  0x000115c8      0x20e cpu\br34\tools_2M_flash\sdk.elf.o
 *(.link_bulk_code)
 .link_bulk_code
                0x000117d6      0x36c cpu\br34\tools_2M_flash\sdk.elf.o
 *(.frame_irq_code)
 .frame_irq_code
                0x00011b42      0x62a cpu\br34\tools_2M_flash\sdk.elf.o
                0x0001216c                . = ALIGN (0x4)
 *(.link_task_const)
 .link_task_const
                0x0001216c        0x8 cpu\br34\tools_2M_flash\sdk.elf.o
 *(.link_task_code)
 .link_task_code
                0x00012174      0x7da cpu\br34\tools_2M_flash\sdk.elf.o
                0x00012950                . = ALIGN (0x4)
 *fill*         0x0001294e        0x2 
 *(.classic_irq_const)
 .classic_irq_const
                0x00012950        0x8 cpu\br34\tools_2M_flash\sdk.elf.o
 *(.classic_irq_code)
 .classic_irq_code
                0x00012958      0x82e cpu\br34\tools_2M_flash\sdk.elf.o
                0x00013188                . = ALIGN (0x4)
 *fill*         0x00013186        0x2 
 *(.tws_irq_code)
 .tws_irq_code  0x00013188     0x1c78 cpu\br34\tools_2M_flash\sdk.elf.o
                0x00014e00                . = ALIGN (0x4)
                0x00014e00                tws_sync_call_begin = .
 *(.tws_sync_call)
 .tws_sync_call
                0x00014e00       0x24 cpu\br34\tools_2M_flash\sdk.elf.o
                0x00014e24                tws_sync_call_end = .
                0x00014e24                . = ALIGN (0x4)
                0x00014e24                tws_func_stub_begin = .
 *(.tws_func_stub)
 .tws_func_stub
                0x00014e24       0x38 cpu\br34\tools_2M_flash\sdk.elf.o
                0x00014e5c                tws_func_stub_end = .
 *(.tws_media_sync_code)
 .tws_media_sync_code
                0x00014e5c      0x506 cpu\br34\tools_2M_flash\sdk.elf.o
 *(.tws_media_sync_const)
 *(.tws_data_forward_code)
 .tws_data_forward_code
                0x00015362      0x812 cpu\br34\tools_2M_flash\sdk.elf.o
 *(.tws_data_forward_const)
                0x00015b74                . = ALIGN (0x4)
                0x00015b74                tws_sync_channel_begin = .
 *(.tws_sync_channel.0)
 *(.tws_sync_channel.1)
 .tws_sync_channel.1
                0x00015b74       0x1c cpu\br34\tools_2M_flash\sdk.elf.o
                0x00015b74                tws_link_sync
 *(.tws_sync_channel.2)
 .tws_sync_channel.2
                0x00015b90       0x1c cpu\br34\tools_2M_flash\sdk.elf.o
                0x00015b90                tws_conn_sync
 *(.tws_sync_channel.3)
 *(.tws_sync_channel.4)
 *(.tws_sync_channel.5)
 *(.tws_sync_channel.6)
 .tws_sync_channel.6
                0x00015bac       0x1c cpu\br34\tools_2M_flash\sdk.elf.o
                0x00015bac                tws_acl_data_sync
 *(.tws_sync_channel.7)
 .tws_sync_channel.7
                0x00015bc8       0x1c cpu\br34\tools_2M_flash\sdk.elf.o
                0x00015bc8                tws_media_sync
 *(.tws_sync_channel.8)
 .tws_sync_channel.8
                0x00015be4       0x1c cpu\br34\tools_2M_flash\sdk.elf.o
                0x00015be4                tws_event_sync
 *(.tws_sync_channel.9)
 .tws_sync_channel.9
                0x00015c00       0x1c cpu\br34\tools_2M_flash\sdk.elf.o
                0x00015c00                tws_sync_call
 *(.tws_sync_channel.10)
 *(.tws_sync_channel.11)
 *(.tws_sync_channel.12)
 *(.tws_sync_channel.13)
 .tws_sync_channel.13
                0x00015c1c       0x1c cpu\br34\tools_2M_flash\sdk.elf.o
                0x00015c1c                tws_lmp_slot_sync
 *(.tws_sync_channel.14)
 *(.tws_sync_channel.15)
                0x00015c38                tws_sync_channel_end = .
                0x00015c38                btctler_ram_code_end = .
                0x00015c38                . = ALIGN (0x4)
                0x00015c38                __report_overlay_begin = .
                0x00015c38                overlay_code_begin = .

.overlay_aec    0x00015c38     0x35ec load address 0x00200000
                0x00015c38                . = ALIGN (0x4)
                0x00015c38                aec_code_begin = .
 *(.text._*)
 .text._ZN19MCRA_NoiseEstimatorI9floatRealE15QueryBufferSizeEi
                0x00015c38        0xa cpu\br34\tools_2M_flash\sdk.elf.o
 *fill*         0x00015c42        0x2 
 .text._ZN34SingleChannelNoiseSuppressorInBarkI9floatReal12floatComplexE19QueryTempBufferSizeEii
                0x00015c44        0xe cpu\br34\tools_2M_flash\sdk.elf.o
 *fill*         0x00015c52        0x2 
 .text._ZN3FFTI9floatReal12floatComplexEC2Eii
                0x00015c54       0x2c cpu\br34\tools_2M_flash\sdk.elf.o
 .text._ZNK6VectorI9floatRealEclEiii
                0x00015c80       0x32 cpu\br34\tools_2M_flash\sdk.elf.o
 *fill*         0x00015cb2        0x2 
 .text._ZNK6VectorI12floatComplexEclEiii
                0x00015cb4       0x32 cpu\br34\tools_2M_flash\sdk.elf.o
 *fill*         0x00015ce6        0x2 
 .text._ZN18NonlinearProcessorI9floatReal12floatComplexEC2EPS0_iiRK6ScalarIS0_ES7_S7_S7_
                0x00015ce8      0x19e cpu\br34\tools_2M_flash\sdk.elf.o
 *fill*         0x00015e86        0x2 
 .text._Z10VectorCopyRK6VectorI9floatRealERS_I11fixHalfRealE
                0x00015e88        0x4 cpu\br34\tools_2M_flash\sdk.elf.o
 .text._ZN12STFTAnalyserI9floatReal12floatComplex11fixHalfRealEC2EPS0_iiRK6VectorIS2_ER3FFTIS0_S1_E
                0x00015e8c       0x4e cpu\br34\tools_2M_flash\sdk.elf.o
 *fill*         0x00015eda        0x2 
 .text._Z10VectorCopyRK6VectorI9floatRealERS1_
                0x00015edc        0x4 cpu\br34\tools_2M_flash\sdk.elf.o
 .text._ZN15STFTSynthesizerI9floatReal12floatComplex11fixHalfRealEC2EPS0_iiRK6VectorIS2_ER3FFTIS0_S1_E
                0x00015ee0       0x4e cpu\br34\tools_2M_flash\sdk.elf.o
 *fill*         0x00015f2e        0x2 
 .text._Z9VectorSetRK6ScalarI9floatRealER6VectorIS0_E
                0x00015f30        0x4 cpu\br34\tools_2M_flash\sdk.elf.o
 .text._ZN15StaticAllocatorI9floatRealE5allocEj
                0x00015f34        0xc cpu\br34\tools_2M_flash\sdk.elf.o
 .text._ZN13dynamicVectorI9floatRealS0_EC2ER9AllocatorIS0_Eii
                0x00015f40       0x28 cpu\br34\tools_2M_flash\sdk.elf.o
 .text._ZN11VectorArrayI11fixHalfRealEC2ERK6VectorIS0_Ei
                0x00015f68       0x2e cpu\br34\tools_2M_flash\sdk.elf.o
 *fill*         0x00015f96        0x2 
 .text._ZN11VectorArrayI12floatComplexEppEi
                0x00015f98        0xa cpu\br34\tools_2M_flash\sdk.elf.o
 *fill*         0x00015fa2        0x2 
 .text._ZN12STFTAnalyserI9floatReal12floatComplex11fixHalfRealE7AnalyseERK6VectorIS2_ER11VectorArrayIS1_EP9AllocatorIS0_E
                0x00015fa4       0x88 cpu\br34\tools_2M_flash\sdk.elf.o
 .text._Z9VectorMaxRK6ScalarI9floatRealER6VectorIS0_E
                0x0001602c        0x4 cpu\br34\tools_2M_flash\sdk.elf.o
 .text._Z22VectorElementwiseShiftRK6VectorI9floatRealERS1_i
                0x00016030        0x4 cpu\br34\tools_2M_flash\sdk.elf.o
 .text._Z22VectorRecursiveAverageRK6VectorI9floatRealERS1_RK6ScalarIS0_E
                0x00016034        0x4 cpu\br34\tools_2M_flash\sdk.elf.o
 .text._Z9VectorMinRK6VectorI9floatRealES3_RS1_
                0x00016038        0x4 cpu\br34\tools_2M_flash\sdk.elf.o
 .text._Z12VectorDivideRK6VectorI9floatRealES3_RS1_RK6ScalarIS0_E
                0x0001603c        0x4 cpu\br34\tools_2M_flash\sdk.elf.o
 .text._Z15VectorMulScalarRK6VectorI9floatRealERK6ScalarIS0_ERS1_
                0x00016040        0x4 cpu\br34\tools_2M_flash\sdk.elf.o
 .text._Z10VectorPlusRK6VectorI9floatRealES3_RS1_
                0x00016044        0x4 cpu\br34\tools_2M_flash\sdk.elf.o
 .text._Z11VectorMinusRK6VectorI9floatRealES3_RS1_
                0x00016048        0x4 cpu\br34\tools_2M_flash\sdk.elf.o
 .text._Z20VectorElementwiseMulRK6VectorI9floatRealES3_RS1_
                0x0001604c        0x4 cpu\br34\tools_2M_flash\sdk.elf.o
 .text._ZN19MCRA_NoiseEstimatorI9floatRealE8EstimateERK6VectorIS0_ERS3_R9AllocatorIS0_E
                0x00016050      0x19e cpu\br34\tools_2M_flash\sdk.elf.o
 *fill*         0x000161ee        0x2 
 .text._Z9VectorMinRK6ScalarI9floatRealER6VectorIS0_E
                0x000161f0        0x4 cpu\br34\tools_2M_flash\sdk.elf.o
 .text._Z20VectorElementwiseMulRK6VectorI12floatComplexERKS_I9floatRealERS1_
                0x000161f4        0x4 cpu\br34\tools_2M_flash\sdk.elf.o
 .text._ZN34SingleChannelNoiseSuppressorInBarkI9floatReal12floatComplexE8SuppressERK11VectorArrayIS1_ERKS3_IS0_ES9_RS4_R9AllocatorIS0_E
                0x000161f8      0x284 cpu\br34\tools_2M_flash\sdk.elf.o
 .text._ZN15STFTSynthesizerI9floatReal12floatComplex11fixHalfRealE10SynthesizeERK11VectorArrayIS1_ER6VectorIS2_EP9AllocatorIS0_E
                0x0001647c       0xec cpu\br34\tools_2M_flash\sdk.elf.o
 .text._Z20VectorElementwiseMulRK6VectorI11fixHalfRealERKS_I9floatRealERS1_
                0x00016568       0x40 cpu\br34\tools_2M_flash\sdk.elf.o
 .text._ZN13dynamicVectorI12floatComplex9floatRealED2Ev
                0x000165a8       0x1c cpu\br34\tools_2M_flash\sdk.elf.o
 .text._ZN13dynamicVectorI7fixRealS0_EC2ER9AllocatorIS0_Eii
                0x000165c4       0x26 cpu\br34\tools_2M_flash\sdk.elf.o
 *fill*         0x000165ea        0x2 
 .text._ZNK6VectorI7fixRealEclEiii
                0x000165ec       0x3c cpu\br34\tools_2M_flash\sdk.elf.o
 .text._Z10VectorCopyRK6VectorI11fixHalfRealERS_I7fixRealE
                0x00016628        0x4 cpu\br34\tools_2M_flash\sdk.elf.o
 .text._Z22VectorElementwiseShiftRK6VectorI7fixRealERS1_i
                0x0001662c        0x4 cpu\br34\tools_2M_flash\sdk.elf.o
 .text._Z10VectorPlusRK6VectorI7fixRealES3_RS1_
                0x00016630        0x4 cpu\br34\tools_2M_flash\sdk.elf.o
 .text._Z11VectorMinusRK6VectorI7fixRealES3_RS1_
                0x00016634        0x4 cpu\br34\tools_2M_flash\sdk.elf.o
 .text._Z10VectorCopyRK6VectorI7fixRealERS_I11fixHalfRealE
                0x00016638        0x4 cpu\br34\tools_2M_flash\sdk.elf.o
 .text._Z12VectorGetMagRK6VectorI12floatComplexERS_I9floatRealE
                0x0001663c        0x4 cpu\br34\tools_2M_flash\sdk.elf.o
 .text._ZNK6VectorI9floatRealEclERK10Vectorzone
                0x00016640       0x36 cpu\br34\tools_2M_flash\sdk.elf.o
 *fill*         0x00016676        0x2 
 .text._Z10VectorMeanRK6VectorI9floatRealER6ScalarIS0_E
                0x00016678        0x4 cpu\br34\tools_2M_flash\sdk.elf.o
 .text._Z7logAprxI9floatRealEvRK6ScalarIT_ERS3_
                0x0001667c        0x4 cpu\br34\tools_2M_flash\sdk.elf.o
 .text._Z22VectorTernaryOperationRKPFvRK6ScalarI9floatRealES3_RS1_ERK6VectorIS0_ESC_RSA_
                0x00016680       0x76 cpu\br34\tools_2M_flash\sdk.elf.o
 *fill*         0x000166f6        0x2 
 .text._ZN18NonlinearProcessorI9floatReal12floatComplexE17CalcSuppressCoeffERK6VectorIS0_ERS4_
                0x000166f8      0x1aa cpu\br34\tools_2M_flash\sdk.elf.o
 *fill*         0x000168a2        0x2 
 .text._ZNK6VectorI12floatComplexEclERK10Vectorzone
                0x000168a4       0x36 cpu\br34\tools_2M_flash\sdk.elf.o
 *fill*         0x000168da        0x2 
 .text._Z16VectorMeanSquareRK6VectorI12floatComplexER6ScalarI9floatRealE
                0x000168dc        0x4 cpu\br34\tools_2M_flash\sdk.elf.o
 .text._ZN18NonlinearProcessorI9floatReal12floatComplexE7ProcessERK11VectorArrayIS1_ES6_S6_RS4_P9AllocatorIS0_E
                0x000168e0      0x32c cpu\br34\tools_2M_flash\sdk.elf.o
 .text._ZN15StaticAllocatorI9floatRealE4freeEPS0_j
                0x00016c0c        0x8 cpu\br34\tools_2M_flash\sdk.elf.o
 .text._Z7powAprxI9floatRealEvRK6ScalarIT_ES5_RS3_
                0x00016c14       0x42 cpu\br34\tools_2M_flash\sdk.elf.o
 *fill*         0x00016c56        0x2 
 .text._Z8magnAprxI12floatComplex9floatRealEvRK6ScalarIT_ERS2_IT0_E
                0x00016c58        0x4 cpu\br34\tools_2M_flash\sdk.elf.o
 .text._ZN15StaticAllocatorI7fixRealE5allocEj
                0x00016c5c        0xc cpu\br34\tools_2M_flash\sdk.elf.o
 .text._ZN15StaticAllocatorI7fixRealE4freeEPS0_j
                0x00016c68        0x8 cpu\br34\tools_2M_flash\sdk.elf.o
 *(.data._*)
 *(.aec_code)
 .aec_code      0x00016c70      0xc1e cpu\br34\tools_2M_flash\sdk.elf.o
 *(.aec_const)
 *(.res_code)
 *(.res_const)
 *(.ns_code)
 *(.ns_const)
 *(.fft_code)
 *fill*         0x0001788e        0x2 
 .fft_code      0x00017890      0x14c cpu\br34\tools_2M_flash\sdk.elf.o
 *(.fft_const)
 *(.nlp_code)
 *(.nlp_const)
 *(.der_code)
 *(.der_const)
 *(.qmf_code)
 .qmf_code      0x000179dc      0x410 cpu\br34\tools_2M_flash\sdk.elf.o
 *(.qmf_const)
 .qmf_const     0x00017dec       0xd8 cpu\br34\tools_2M_flash\sdk.elf.o
 *(.aec_data)
 .aec_data      0x00017ec4       0x50 cpu\br34\tools_2M_flash\sdk.elf.o
 *(.res_data)
 *(.ns_data)
 .ns_data       0x00017f14       0x38 cpu\br34\tools_2M_flash\sdk.elf.o
 *(.nlp_data)
 *(.der_data)
 *(.qmf_data)
 *(.fft_data)
 *(.dms_code)
 *(.dms_const)
 *(.dms_data)
 *(.agc_code)
 .agc_code      0x00017f4c      0x2c0 cpu\br34\tools_2M_flash\sdk.elf.o
 *(.bank_const)
 .bank_const    0x0001820c     0x1018 cpu\br34\tools_2M_flash\sdk.elf.o
                0x00019224                . = ALIGN (0x4)
 *(.aec_mux)
                0x00019224                . = ALIGN (0x4)
                0x00019224                aec_code_end = .
                0x000035ec                aec_code_size = (aec_code_end - aec_code_begin)
                [!provide]                PROVIDE (__load_start_overlay_aec, LOADADDR (.overlay_aec))
                [!provide]                PROVIDE (__load_stop_overlay_aec, (LOADADDR (.overlay_aec) + SIZEOF (.overlay_aec)))

.overlay_aac    0x00015c38        0x0 load address 0x002035ec
                0x00019224                . = ALIGN (0x4)
                0x00019224                bt_aac_dec_const_begin = .
 *(.bt_aac_dec_const)
 *(.bt_aac_dec_sparse_const)
                0x00019224                . = ALIGN (0x4)
                0x00019224                bt_aac_dec_const_end = .
                0x00000000                bt_aac_dec_const_size = (bt_aac_dec_const_end - bt_aac_dec_const_begin)
 *(.bt_aac_dec_data)
                0x00019224                . = ALIGN (0x4)
                [!provide]                PROVIDE (__load_start_overlay_aac, LOADADDR (.overlay_aac))
                [!provide]                PROVIDE (__load_stop_overlay_aac, (LOADADDR (.overlay_aac) + SIZEOF (.overlay_aac)))

.ram0_empty0    0x00019224        0x4 load address 0x002035ec
                0x00019228                . = (. + 0x4)
 *fill*         0x00019224        0x4 

.overlay_aec_ram
                0x00019228        0x0 load address 0x00210000
                0x00019228                . = ALIGN (0x4)
 *(.msbc_enc)
 *(.cvsd_codec)
 *(.aec_bss)
 *(.res_bss)
 *(.ns_bss)
 *(.nlp_bss)
 *(.der_bss)
 *(.qmf_bss)
 *(.fft_bss)
 *(.aec_mem)
 *(.dms_bss)
                [!provide]                PROVIDE (__load_start_overlay_aec_ram, LOADADDR (.overlay_aec_ram))
                [!provide]                PROVIDE (__load_stop_overlay_aec_ram, (LOADADDR (.overlay_aec_ram) + SIZEOF (.overlay_aec_ram)))

.overlay_aac_ram
                0x00019228        0x0 load address 0x00210000
                0x00019228                . = ALIGN (0x4)
 *(.bt_aac_dec_bss)
                0x00019228                . = ALIGN (0x4)
 *(.aac_mem)
 *(.aac_ctrl_mem)
                [!provide]                PROVIDE (__load_start_overlay_aac_ram, LOADADDR (.overlay_aac_ram))